******************************************************************************
                  TI ARM Linker PC v20.2.7                     
******************************************************************************
>> Linked Tue Jul 23 21:32:08 2024

OUTPUT FILE NAME:   <MPU_Exercise 2.out>
ENTRY POINT SYMBOL: "_c_int00_noargs"  address: 000005b5


MEMORY CONFIGURATION

         name            origin    length      used     unused   attr    fill
----------------------  --------  ---------  --------  --------  ----  --------
  FLASH                 00000000   00040000  00000622  0003f9de  R  X
  SRAM                  20000000   00008000  00000204  00007dfc  RW X


SEGMENT ALLOCATION MAP

run origin  load origin   length   init length attrs members
----------  ----------- ---------- ----------- ----- -------
00000000    00000000    00000628   00000628    r-x
  00000000    00000000    0000026c   0000026c    r-- .intvecs
  0000026c    0000026c    0000039e   0000039e    r-x .text
  00000610    00000610    00000018   00000018    r-- .cinit
20000000    20000000    00000204   00000000    rw-
  20000000    20000000    00000200   00000000    rw- .stack
  20000200    20000200    00000004   00000000    rw- .data


SECTION ALLOCATION MAP

 output                                  attributes/
section   page    origin      length       input sections
--------  ----  ----------  ----------   ----------------
.intvecs   0    00000000    0000026c     
                  00000000    0000026c     tm4c123gh6pm_startup_ccs.obj (.intvecs)

.text      0    0000026c    0000039e     
                  0000026c    00000200     main.obj (.text)
                  0000046c    0000009c     rtsv7M4_T_le_v4SPD16_eabi.lib : memcpy_t2.asm.obj (.text)
                  00000508    00000068                                   : copy_decompress_lzss.c.obj (.text:decompress:lzss:__TI_decompress_lzss)
                  00000570    00000044                                   : autoinit.c.obj (.text:__TI_auto_init_nobinit_nopinit:__TI_auto_init_nobinit_nopinit)
                  000005b4    00000034                                   : boot_cortex_m.c.obj (.text:_c_int00_noargs:_c_int00_noargs)
                  000005e8    0000000e                                   : copy_decompress_none.c.obj (.text:decompress:none:__TI_decompress_none)
                  000005f6    0000000c     tm4c123gh6pm_startup_ccs.obj (.text)
                  00000602    00000004     rtsv7M4_T_le_v4SPD16_eabi.lib : pre_init.c.obj (.text:_system_pre_init)
                  00000606    00000004                                   : exit.c.obj (.text:abort:abort)

.cinit     0    00000610    00000018     
                  00000610    00000008     (__TI_handler_table)
                  00000618    00000007     (.cinit..data.load) [load image, compression = lzss]
                  0000061f    00000001     --HOLE-- [fill = 0]
                  00000620    00000008     (__TI_cinit_table)

.init_array 
*          0    00000000    00000000     UNINITIALIZED

.data      0    20000200    00000004     UNINITIALIZED
                  20000200    00000004     main.obj (.data)

.stack     0    20000000    00000200     UNINITIALIZED
                  20000000    00000004     rtsv7M4_T_le_v4SPD16_eabi.lib : boot_cortex_m.c.obj (.stack)
                  20000004    000001fc     --HOLE--

__llvm_prf_cnts 
*          0    20000000    00000000     UNINITIALIZED

MODULE SUMMARY

       Module                         code   ro data   rw data
       ------                         ----   -------   -------
    .\
       tm4c123gh6pm_startup_ccs.obj   12     620       0      
       main.obj                       512    0         4      
    +--+------------------------------+------+---------+---------+
       Total:                         524    620       4      
                                                              
    C:\ti\ccs1271\ccs\tools\compiler\ti-cgt-arm_20.2.7.LTS\lib\rtsv7M4_T_le_v4SPD16_eabi.lib
       memcpy_t2.asm.obj              156    0         0      
       copy_decompress_lzss.c.obj     104    0         0      
       autoinit.c.obj                 68     0         0      
       boot_cortex_m.c.obj            52     0         0      
       copy_decompress_none.c.obj     14     0         0      
       exit.c.obj                     4      0         0      
       pre_init.c.obj                 4      0         0      
    +--+------------------------------+------+---------+---------+
       Total:                         402    0         0      
                                                              
       Stack:                         0      0         512    
       Linker Generated:              0      23        0      
    +--+------------------------------+------+---------+---------+
       Grand Total:                   926    643       516    


LINKER GENERATED COPY TABLES

__TI_cinit_table @ 00000620 records: 1, size/record: 8, table size: 8
	.data: load addr=00000618, load size=00000007 bytes, run addr=20000200, run size=00000004 bytes, compression=lzss


LINKER GENERATED HANDLER TABLE

__TI_handler_table @ 00000610 records: 2, size/record: 4, table size: 8
	index: 0, handler: __TI_decompress_lzss
	index: 1, handler: __TI_decompress_none


GLOBAL SYMBOLS: SORTED ALPHABETICALLY BY Name 

address   name                          
-------   ----                          
00000607  C$$EXIT                       
000003e5  Enable_Unprivileged           
0000026d  Leds_Init                     
00000367  MPU_Init                      
0000034b  MemManage_Fault_Init          
00000349  MemoryManageFault_Handler     
000002ab  PORTF_CLK                     
000005f7  ResetISR                      
000002ed  SysTick_Handler               
000002bf  SysTick_Init                  
20000200  __STACK_END                   
00000200  __STACK_SIZE                  
20000200  __STACK_TOP                   
00000620  __TI_CINIT_Base               
00000628  __TI_CINIT_Limit              
00000610  __TI_Handler_Table_Base       
00000618  __TI_Handler_Table_Limit      
00000571  __TI_auto_init_nobinit_nopinit
00000509  __TI_decompress_lzss          
000005e9  __TI_decompress_none          
ffffffff  __TI_pprof_out_hndl           
ffffffff  __TI_prof_data_size           
ffffffff  __TI_prof_data_start          
00000000  __TI_static_base__            
0000046d  __aeabi_memcpy                
0000046d  __aeabi_memcpy4               
0000046d  __aeabi_memcpy8               
ffffffff  __binit__                     
ffffffff  __c_args__                    
UNDEFED   __mpu_init                    
20000000  __stack                       
20000000  __start___llvm_prf_cnts       
20000000  __stop___llvm_prf_cnts        
000005b5  _c_int00_noargs               
UNDEFED   _system_post_cinit            
00000603  _system_pre_init              
00000607  abort                         
ffffffff  binit                         
20000200  count                         
00000000  g_pfnVectors                  
000003ef  main                          
0000046d  memcpy                        


GLOBAL SYMBOLS: SORTED BY Symbol Address 

address   name                          
-------   ----                          
00000000  __TI_static_base__            
00000000  g_pfnVectors                  
00000200  __STACK_SIZE                  
0000026d  Leds_Init                     
000002ab  PORTF_CLK                     
000002bf  SysTick_Init                  
000002ed  SysTick_Handler               
00000349  MemoryManageFault_Handler     
0000034b  MemManage_Fault_Init          
00000367  MPU_Init                      
000003e5  Enable_Unprivileged           
000003ef  main                          
0000046d  __aeabi_memcpy                
0000046d  __aeabi_memcpy4               
0000046d  __aeabi_memcpy8               
0000046d  memcpy                        
00000509  __TI_decompress_lzss          
00000571  __TI_auto_init_nobinit_nopinit
000005b5  _c_int00_noargs               
000005e9  __TI_decompress_none          
000005f7  ResetISR                      
00000603  _system_pre_init              
00000607  C$$EXIT                       
00000607  abort                         
00000610  __TI_Handler_Table_Base       
00000618  __TI_Handler_Table_Limit      
00000620  __TI_CINIT_Base               
00000628  __TI_CINIT_Limit              
20000000  __stack                       
20000000  __start___llvm_prf_cnts       
20000000  __stop___llvm_prf_cnts        
20000200  __STACK_END                   
20000200  __STACK_TOP                   
20000200  count                         
ffffffff  __TI_pprof_out_hndl           
ffffffff  __TI_prof_data_size           
ffffffff  __TI_prof_data_start          
ffffffff  __binit__                     
ffffffff  __c_args__                    
ffffffff  binit                         
UNDEFED   __mpu_init                    
UNDEFED   _system_post_cinit            

[42 symbols]
