<?xml version="1.0" encoding="ISO-8859-1" ?>
<link_info>
   <banner>TI ARM Linker PC v20.2.7.LTS</banner>
   <copyright>Copyright (c) 1996-2018 Texas Instruments Incorporated</copyright>
   <link_time>0x66ab517e</link_time>
   <link_errors>0x0</link_errors>
   <output_file>Final_Project2.out</output_file>
   <entry_point>
      <name>_c_int00_noargs</name>
      <address>0x1825</address>
   </entry_point>
   <input_file_list>
      <input_file id="fl-2">
         <path>.\</path>
         <kind>object</kind>
         <file>NVIC.obj</file>
         <name>NVIC.obj</name>
      </input_file>
      <input_file id="fl-3">
         <path>.\</path>
         <kind>object</kind>
         <file>SysTick.obj</file>
         <name>SysTick.obj</name>
      </input_file>
      <input_file id="fl-4">
         <path>.\</path>
         <kind>object</kind>
         <file>main.obj</file>
         <name>main.obj</name>
      </input_file>
      <input_file id="fl-5">
         <path>.\</path>
         <kind>object</kind>
         <file>tm4c123gh6pm_startup_ccs.obj</file>
         <name>tm4c123gh6pm_startup_ccs.obj</name>
      </input_file>
      <input_file id="fl-9">
         <kind>object</kind>
         <file>&lt;internal&gt;</file>
         <name>&lt;internal&gt;</name>
      </input_file>
      <input_file id="fl-bf">
         <path>C:\ti\ccs1271\ccs\tools\compiler\ti-cgt-arm_20.2.7.LTS\lib\</path>
         <kind>archive</kind>
         <file>rtsv7M4_T_le_v4SPD16_eabi.lib</file>
         <name>copy_zero_init.c.obj</name>
      </input_file>
      <input_file id="fl-c0">
         <path>C:\ti\ccs1271\ccs\tools\compiler\ti-cgt-arm_20.2.7.LTS\lib\</path>
         <kind>archive</kind>
         <file>rtsv7M4_T_le_v4SPD16_eabi.lib</file>
         <name>copy_decompress_none.c.obj</name>
      </input_file>
      <input_file id="fl-c1">
         <path>C:\ti\ccs1271\ccs\tools\compiler\ti-cgt-arm_20.2.7.LTS\lib\</path>
         <kind>archive</kind>
         <file>rtsv7M4_T_le_v4SPD16_eabi.lib</file>
         <name>copy_decompress_lzss.c.obj</name>
      </input_file>
      <input_file id="fl-c2">
         <path>C:\ti\ccs1271\ccs\tools\compiler\ti-cgt-arm_20.2.7.LTS\lib\</path>
         <kind>archive</kind>
         <file>rtsv7M4_T_le_v4SPD16_eabi.lib</file>
         <name>assert.c.obj</name>
      </input_file>
      <input_file id="fl-c3">
         <path>C:\ti\ccs1271\ccs\tools\compiler\ti-cgt-arm_20.2.7.LTS\lib\</path>
         <kind>archive</kind>
         <file>rtsv7M4_T_le_v4SPD16_eabi.lib</file>
         <name>defs.c.obj</name>
      </input_file>
      <input_file id="fl-c4">
         <path>C:\ti\ccs1271\ccs\tools\compiler\ti-cgt-arm_20.2.7.LTS\lib\</path>
         <kind>archive</kind>
         <file>rtsv7M4_T_le_v4SPD16_eabi.lib</file>
         <name>boot_cortex_m.c.obj</name>
      </input_file>
      <input_file id="fl-c5">
         <path>C:\ti\ccs1271\ccs\tools\compiler\ti-cgt-arm_20.2.7.LTS\lib\</path>
         <kind>archive</kind>
         <file>rtsv7M4_T_le_v4SPD16_eabi.lib</file>
         <name>fflush.c.obj</name>
      </input_file>
      <input_file id="fl-c6">
         <path>C:\ti\ccs1271\ccs\tools\compiler\ti-cgt-arm_20.2.7.LTS\lib\</path>
         <kind>archive</kind>
         <file>rtsv7M4_T_le_v4SPD16_eabi.lib</file>
         <name>fputs.c.obj</name>
      </input_file>
      <input_file id="fl-c7">
         <path>C:\ti\ccs1271\ccs\tools\compiler\ti-cgt-arm_20.2.7.LTS\lib\</path>
         <kind>archive</kind>
         <file>rtsv7M4_T_le_v4SPD16_eabi.lib</file>
         <name>_io_perm.c.obj</name>
      </input_file>
      <input_file id="fl-c8">
         <path>C:\ti\ccs1271\ccs\tools\compiler\ti-cgt-arm_20.2.7.LTS\lib\</path>
         <kind>archive</kind>
         <file>rtsv7M4_T_le_v4SPD16_eabi.lib</file>
         <name>setvbuf.c.obj</name>
      </input_file>
      <input_file id="fl-c9">
         <path>C:\ti\ccs1271\ccs\tools\compiler\ti-cgt-arm_20.2.7.LTS\lib\</path>
         <kind>archive</kind>
         <file>rtsv7M4_T_le_v4SPD16_eabi.lib</file>
         <name>memcpy_t2.asm.obj</name>
      </input_file>
      <input_file id="fl-ca">
         <path>C:\ti\ccs1271\ccs\tools\compiler\ti-cgt-arm_20.2.7.LTS\lib\</path>
         <kind>archive</kind>
         <file>rtsv7M4_T_le_v4SPD16_eabi.lib</file>
         <name>memset_t2.asm.obj</name>
      </input_file>
      <input_file id="fl-cb">
         <path>C:\ti\ccs1271\ccs\tools\compiler\ti-cgt-arm_20.2.7.LTS\lib\</path>
         <kind>archive</kind>
         <file>rtsv7M4_T_le_v4SPD16_eabi.lib</file>
         <name>autoinit.c.obj</name>
      </input_file>
      <input_file id="fl-cc">
         <path>C:\ti\ccs1271\ccs\tools\compiler\ti-cgt-arm_20.2.7.LTS\lib\</path>
         <kind>archive</kind>
         <file>rtsv7M4_T_le_v4SPD16_eabi.lib</file>
         <name>pre_init.c.obj</name>
      </input_file>
      <input_file id="fl-cd">
         <path>C:\ti\ccs1271\ccs\tools\compiler\ti-cgt-arm_20.2.7.LTS\lib\</path>
         <kind>archive</kind>
         <file>rtsv7M4_T_le_v4SPD16_eabi.lib</file>
         <name>cpy_tbl.c.obj</name>
      </input_file>
      <input_file id="fl-ce">
         <path>C:\ti\ccs1271\ccs\tools\compiler\ti-cgt-arm_20.2.7.LTS\lib\</path>
         <kind>archive</kind>
         <file>rtsv7M4_T_le_v4SPD16_eabi.lib</file>
         <name>exit.c.obj</name>
      </input_file>
      <input_file id="fl-cf">
         <path>C:\ti\ccs1271\ccs\tools\compiler\ti-cgt-arm_20.2.7.LTS\lib\</path>
         <kind>archive</kind>
         <file>rtsv7M4_T_le_v4SPD16_eabi.lib</file>
         <name>_lock.c.obj</name>
      </input_file>
      <input_file id="fl-d0">
         <path>C:\ti\ccs1271\ccs\tools\compiler\ti-cgt-arm_20.2.7.LTS\lib\</path>
         <kind>archive</kind>
         <file>rtsv7M4_T_le_v4SPD16_eabi.lib</file>
         <name>args_main.c.obj</name>
      </input_file>
      <input_file id="fl-d1">
         <path>C:\ti\ccs1271\ccs\tools\compiler\ti-cgt-arm_20.2.7.LTS\lib\</path>
         <kind>archive</kind>
         <file>rtsv7M4_T_le_v4SPD16_eabi.lib</file>
         <name>memchr.c.obj</name>
      </input_file>
      <input_file id="fl-d2">
         <path>C:\ti\ccs1271\ccs\tools\compiler\ti-cgt-arm_20.2.7.LTS\lib\</path>
         <kind>archive</kind>
         <file>rtsv7M4_T_le_v4SPD16_eabi.lib</file>
         <name>memory.c.obj</name>
      </input_file>
      <input_file id="fl-d3">
         <path>C:\ti\ccs1271\ccs\tools\compiler\ti-cgt-arm_20.2.7.LTS\lib\</path>
         <kind>archive</kind>
         <file>rtsv7M4_T_le_v4SPD16_eabi.lib</file>
         <name>strlen.c.obj</name>
      </input_file>
      <input_file id="fl-d4">
         <path>C:\ti\ccs1271\ccs\tools\compiler\ti-cgt-arm_20.2.7.LTS\lib\</path>
         <kind>archive</kind>
         <file>rtsv7M4_T_le_v4SPD16_eabi.lib</file>
         <name>write.c.obj</name>
      </input_file>
      <input_file id="fl-d5">
         <path>C:\ti\ccs1271\ccs\tools\compiler\ti-cgt-arm_20.2.7.LTS\lib\</path>
         <kind>archive</kind>
         <file>rtsv7M4_T_le_v4SPD16_eabi.lib</file>
         <name>host_device.c.obj</name>
      </input_file>
      <input_file id="fl-d6">
         <path>C:\ti\ccs1271\ccs\tools\compiler\ti-cgt-arm_20.2.7.LTS\lib\</path>
         <kind>archive</kind>
         <file>rtsv7M4_T_le_v4SPD16_eabi.lib</file>
         <name>fopen.c.obj</name>
      </input_file>
      <input_file id="fl-d7">
         <path>C:\ti\ccs1271\ccs\tools\compiler\ti-cgt-arm_20.2.7.LTS\lib\</path>
         <kind>archive</kind>
         <file>rtsv7M4_T_le_v4SPD16_eabi.lib</file>
         <name>fseek.c.obj</name>
      </input_file>
      <input_file id="fl-d8">
         <path>C:\ti\ccs1271\ccs\tools\compiler\ti-cgt-arm_20.2.7.LTS\lib\</path>
         <kind>archive</kind>
         <file>rtsv7M4_T_le_v4SPD16_eabi.lib</file>
         <name>hostclose.c.obj</name>
      </input_file>
      <input_file id="fl-d9">
         <path>C:\ti\ccs1271\ccs\tools\compiler\ti-cgt-arm_20.2.7.LTS\lib\</path>
         <kind>archive</kind>
         <file>rtsv7M4_T_le_v4SPD16_eabi.lib</file>
         <name>hostlseek.c.obj</name>
      </input_file>
      <input_file id="fl-da">
         <path>C:\ti\ccs1271\ccs\tools\compiler\ti-cgt-arm_20.2.7.LTS\lib\</path>
         <kind>archive</kind>
         <file>rtsv7M4_T_le_v4SPD16_eabi.lib</file>
         <name>hostopen.c.obj</name>
      </input_file>
      <input_file id="fl-db">
         <path>C:\ti\ccs1271\ccs\tools\compiler\ti-cgt-arm_20.2.7.LTS\lib\</path>
         <kind>archive</kind>
         <file>rtsv7M4_T_le_v4SPD16_eabi.lib</file>
         <name>hostread.c.obj</name>
      </input_file>
      <input_file id="fl-dc">
         <path>C:\ti\ccs1271\ccs\tools\compiler\ti-cgt-arm_20.2.7.LTS\lib\</path>
         <kind>archive</kind>
         <file>rtsv7M4_T_le_v4SPD16_eabi.lib</file>
         <name>hostrename.c.obj</name>
      </input_file>
      <input_file id="fl-dd">
         <path>C:\ti\ccs1271\ccs\tools\compiler\ti-cgt-arm_20.2.7.LTS\lib\</path>
         <kind>archive</kind>
         <file>rtsv7M4_T_le_v4SPD16_eabi.lib</file>
         <name>hostunlink.c.obj</name>
      </input_file>
      <input_file id="fl-de">
         <path>C:\ti\ccs1271\ccs\tools\compiler\ti-cgt-arm_20.2.7.LTS\lib\</path>
         <kind>archive</kind>
         <file>rtsv7M4_T_le_v4SPD16_eabi.lib</file>
         <name>hostwrite.c.obj</name>
      </input_file>
      <input_file id="fl-df">
         <path>C:\ti\ccs1271\ccs\tools\compiler\ti-cgt-arm_20.2.7.LTS\lib\</path>
         <kind>archive</kind>
         <file>rtsv7M4_T_le_v4SPD16_eabi.lib</file>
         <name>trgmsg.c.obj</name>
      </input_file>
      <input_file id="fl-e0">
         <path>C:\ti\ccs1271\ccs\tools\compiler\ti-cgt-arm_20.2.7.LTS\lib\</path>
         <kind>archive</kind>
         <file>rtsv7M4_T_le_v4SPD16_eabi.lib</file>
         <name>open.c.obj</name>
      </input_file>
      <input_file id="fl-e1">
         <path>C:\ti\ccs1271\ccs\tools\compiler\ti-cgt-arm_20.2.7.LTS\lib\</path>
         <kind>archive</kind>
         <file>rtsv7M4_T_le_v4SPD16_eabi.lib</file>
         <name>lseek.c.obj</name>
      </input_file>
      <input_file id="fl-e2">
         <path>C:\ti\ccs1271\ccs\tools\compiler\ti-cgt-arm_20.2.7.LTS\lib\</path>
         <kind>archive</kind>
         <file>rtsv7M4_T_le_v4SPD16_eabi.lib</file>
         <name>fclose.c.obj</name>
      </input_file>
      <input_file id="fl-e3">
         <path>C:\ti\ccs1271\ccs\tools\compiler\ti-cgt-arm_20.2.7.LTS\lib\</path>
         <kind>archive</kind>
         <file>rtsv7M4_T_le_v4SPD16_eabi.lib</file>
         <name>getdevice.c.obj</name>
      </input_file>
      <input_file id="fl-e4">
         <path>C:\ti\ccs1271\ccs\tools\compiler\ti-cgt-arm_20.2.7.LTS\lib\</path>
         <kind>archive</kind>
         <file>rtsv7M4_T_le_v4SPD16_eabi.lib</file>
         <name>strchr.c.obj</name>
      </input_file>
      <input_file id="fl-e5">
         <path>C:\ti\ccs1271\ccs\tools\compiler\ti-cgt-arm_20.2.7.LTS\lib\</path>
         <kind>archive</kind>
         <file>rtsv7M4_T_le_v4SPD16_eabi.lib</file>
         <name>strcmp.c.obj</name>
      </input_file>
      <input_file id="fl-e6">
         <path>C:\ti\ccs1271\ccs\tools\compiler\ti-cgt-arm_20.2.7.LTS\lib\</path>
         <kind>archive</kind>
         <file>rtsv7M4_T_le_v4SPD16_eabi.lib</file>
         <name>strcpy.c.obj</name>
      </input_file>
      <input_file id="fl-e7">
         <path>C:\ti\ccs1271\ccs\tools\compiler\ti-cgt-arm_20.2.7.LTS\lib\</path>
         <kind>archive</kind>
         <file>rtsv7M4_T_le_v4SPD16_eabi.lib</file>
         <name>strncpy.c.obj</name>
      </input_file>
      <input_file id="fl-e8">
         <path>C:\ti\ccs1271\ccs\tools\compiler\ti-cgt-arm_20.2.7.LTS\lib\</path>
         <kind>archive</kind>
         <file>rtsv7M4_T_le_v4SPD16_eabi.lib</file>
         <name>remove.c.obj</name>
      </input_file>
      <input_file id="fl-e9">
         <path>C:\ti\ccs1271\ccs\tools\compiler\ti-cgt-arm_20.2.7.LTS\lib\</path>
         <kind>archive</kind>
         <file>rtsv7M4_T_le_v4SPD16_eabi.lib</file>
         <name>close.c.obj</name>
      </input_file>
      <input_file id="fl-ea">
         <path>C:\ti\ccs1271\ccs\tools\compiler\ti-cgt-arm_20.2.7.LTS\lib\</path>
         <kind>archive</kind>
         <file>rtsv7M4_T_le_v4SPD16_eabi.lib</file>
         <name>unlink.c.obj</name>
      </input_file>
   </input_file_list>
   <object_component_list>
      <object_component id="oc-12">
         <name>.intvecs</name>
         <load_address>0x0</load_address>
         <run_address>0x0</run_address>
         <size>0x26c</size>
         <input_file_ref idref="fl-5"/>
      </object_component>
      <object_component id="oc-b2">
         <name>.text</name>
         <load_address>0x26c</load_address>
         <run_address>0x26c</run_address>
         <size>0x69c</size>
         <input_file_ref idref="fl-4"/>
      </object_component>
      <object_component id="oc-e9">
         <name>.text</name>
         <load_address>0x908</load_address>
         <run_address>0x908</run_address>
         <size>0x2a4</size>
         <input_file_ref idref="fl-2"/>
      </object_component>
      <object_component id="oc-13c">
         <name>.text:fputs</name>
         <load_address>0xbac</load_address>
         <run_address>0xbac</run_address>
         <size>0x114</size>
         <input_file_ref idref="fl-c6"/>
      </object_component>
      <object_component id="oc-239">
         <name>.text:aligned_alloc</name>
         <load_address>0xcc0</load_address>
         <run_address>0xcc0</run_address>
         <size>0x100</size>
         <input_file_ref idref="fl-d2"/>
      </object_component>
      <object_component id="oc-1f7">
         <name>.text:free</name>
         <load_address>0xdc0</load_address>
         <run_address>0xdc0</run_address>
         <size>0xe4</size>
         <input_file_ref idref="fl-d2"/>
      </object_component>
      <object_component id="oc-1c6">
         <name>.text:setvbuf</name>
         <load_address>0xea4</load_address>
         <run_address>0xea4</run_address>
         <size>0xdc</size>
         <input_file_ref idref="fl-c8"/>
      </object_component>
      <object_component id="oc-30">
         <name>.text</name>
         <load_address>0xf80</load_address>
         <run_address>0xf80</run_address>
         <size>0xbc</size>
         <input_file_ref idref="fl-3"/>
      </object_component>
      <object_component id="oc-44">
         <name>.text</name>
         <load_address>0x103c</load_address>
         <run_address>0x103c</run_address>
         <size>0x9c</size>
         <input_file_ref idref="fl-c9"/>
      </object_component>
      <object_component id="oc-142">
         <name>.text:fflush</name>
         <load_address>0x10d8</load_address>
         <run_address>0x10d8</run_address>
         <size>0x7c</size>
         <input_file_ref idref="fl-c5"/>
      </object_component>
      <object_component id="oc-240">
         <name>.text:__TI_closefile</name>
         <load_address>0x1154</load_address>
         <run_address>0x1154</run_address>
         <size>0x74</size>
         <input_file_ref idref="fl-e2"/>
      </object_component>
      <object_component id="oc-27e">
         <name>.text:split</name>
         <load_address>0x11c8</load_address>
         <run_address>0x11c8</run_address>
         <size>0x70</size>
         <input_file_ref idref="fl-d2"/>
      </object_component>
      <object_component id="oc-26d">
         <name>.text:HOSTrename</name>
         <load_address>0x1238</load_address>
         <run_address>0x1238</run_address>
         <size>0x6c</size>
         <input_file_ref idref="fl-dc"/>
      </object_component>
      <object_component id="oc-261">
         <name>.text:HOSTlseek</name>
         <load_address>0x12a4</load_address>
         <run_address>0x12a4</run_address>
         <size>0x68</size>
         <input_file_ref idref="fl-d9"/>
      </object_component>
      <object_component id="oc-15">
         <name>.text:decompress:lzss:__TI_decompress_lzss</name>
         <load_address>0x130c</load_address>
         <run_address>0x130c</run_address>
         <size>0x68</size>
         <input_file_ref idref="fl-c1"/>
      </object_component>
      <object_component id="oc-1c0">
         <name>.text:fseek</name>
         <load_address>0x1374</load_address>
         <run_address>0x1374</run_address>
         <size>0x64</size>
         <input_file_ref idref="fl-d7"/>
      </object_component>
      <object_component id="oc-16f">
         <name>.text:__TI_wrt_ok</name>
         <load_address>0x13d8</load_address>
         <run_address>0x13d8</run_address>
         <size>0x62</size>
         <input_file_ref idref="fl-c7"/>
      </object_component>
      <object_component id="oc-1a1">
         <name>.text:_nop</name>
         <load_address>0x143a</load_address>
         <run_address>0x143a</run_address>
         <size>0x2</size>
         <input_file_ref idref="fl-cf"/>
      </object_component>
      <object_component id="oc-249">
         <name>.text:HOSTopen</name>
         <load_address>0x143c</load_address>
         <run_address>0x143c</run_address>
         <size>0x60</size>
         <input_file_ref idref="fl-da"/>
      </object_component>
      <object_component id="oc-285">
         <name>.text:close</name>
         <load_address>0x149c</load_address>
         <run_address>0x149c</run_address>
         <size>0x5c</size>
         <input_file_ref idref="fl-e9"/>
      </object_component>
      <object_component id="oc-255">
         <name>.text:HOSTread</name>
         <load_address>0x14f8</load_address>
         <run_address>0x14f8</run_address>
         <size>0x58</size>
         <input_file_ref idref="fl-db"/>
      </object_component>
      <object_component id="oc-25b">
         <name>.text:HOSTwrite</name>
         <load_address>0x1550</load_address>
         <run_address>0x1550</run_address>
         <size>0x58</size>
         <input_file_ref idref="fl-de"/>
      </object_component>
      <object_component id="oc-181">
         <name>.text:__TI_doflush</name>
         <load_address>0x15a8</load_address>
         <run_address>0x15a8</run_address>
         <size>0x4c</size>
         <input_file_ref idref="fl-c5"/>
      </object_component>
      <object_component id="oc-fd">
         <name>.text:exit</name>
         <load_address>0x15f4</load_address>
         <run_address>0x15f4</run_address>
         <size>0x48</size>
         <input_file_ref idref="fl-ce"/>
      </object_component>
      <object_component id="oc-24f">
         <name>.text:HOSTclose</name>
         <load_address>0x163c</load_address>
         <run_address>0x163c</run_address>
         <size>0x44</size>
         <input_file_ref idref="fl-d8"/>
      </object_component>
      <object_component id="oc-267">
         <name>.text:HOSTunlink</name>
         <load_address>0x1680</load_address>
         <run_address>0x1680</run_address>
         <size>0x44</size>
         <input_file_ref idref="fl-dd"/>
      </object_component>
      <object_component id="oc-103">
         <name>.text:__TI_auto_init_nobinit_nopinit:__TI_auto_init_nobinit_nopinit</name>
         <load_address>0x16c4</load_address>
         <run_address>0x16c4</run_address>
         <size>0x44</size>
         <input_file_ref idref="fl-cb"/>
      </object_component>
      <object_component id="oc-2bb">
         <name>.text:getdevice</name>
         <load_address>0x1708</load_address>
         <run_address>0x1708</run_address>
         <size>0x44</size>
         <input_file_ref idref="fl-e3"/>
      </object_component>
      <object_component id="oc-294">
         <name>.text:__TI_writemsg</name>
         <load_address>0x174c</load_address>
         <run_address>0x174c</run_address>
         <size>0x38</size>
         <input_file_ref idref="fl-df"/>
      </object_component>
      <object_component id="oc-2e3">
         <name>.text:strncpy</name>
         <load_address>0x1784</load_address>
         <run_address>0x1784</run_address>
         <size>0x36</size>
         <input_file_ref idref="fl-e7"/>
      </object_component>
      <object_component id="oc-203">
         <name>.text:__TI_cleanup</name>
         <load_address>0x17bc</load_address>
         <run_address>0x17bc</run_address>
         <size>0x34</size>
         <input_file_ref idref="fl-d6"/>
      </object_component>
      <object_component id="oc-29a">
         <name>.text:__TI_readmsg</name>
         <load_address>0x17f0</load_address>
         <run_address>0x17f0</run_address>
         <size>0x34</size>
         <input_file_ref idref="fl-df"/>
      </object_component>
      <object_component id="oc-62">
         <name>.text:_c_int00_noargs:_c_int00_noargs</name>
         <load_address>0x1824</load_address>
         <run_address>0x1824</run_address>
         <size>0x34</size>
         <input_file_ref idref="fl-c4"/>
      </object_component>
      <object_component id="oc-2e9">
         <name>.text:finddevice</name>
         <load_address>0x1858</load_address>
         <run_address>0x1858</run_address>
         <size>0x30</size>
         <input_file_ref idref="fl-e3"/>
      </object_component>
      <object_component id="oc-28b">
         <name>.text:unlink</name>
         <load_address>0x1888</load_address>
         <run_address>0x1888</run_address>
         <size>0x2c</size>
         <input_file_ref idref="fl-ea"/>
      </object_component>
      <object_component id="oc-232">
         <name>.text:free_list_insert</name>
         <load_address>0x18b4</load_address>
         <run_address>0x18b4</run_address>
         <size>0x28</size>
         <input_file_ref idref="fl-d2"/>
      </object_component>
      <object_component id="oc-1ef">
         <name>.text:lseek</name>
         <load_address>0x18dc</load_address>
         <run_address>0x18dc</run_address>
         <size>0x28</size>
         <input_file_ref idref="fl-e1"/>
      </object_component>
      <object_component id="oc-187">
         <name>.text:write</name>
         <load_address>0x1904</load_address>
         <run_address>0x1904</run_address>
         <size>0x28</size>
         <input_file_ref idref="fl-d4"/>
      </object_component>
      <object_component id="oc-17b">
         <name>.text:memchr</name>
         <load_address>0x192c</load_address>
         <run_address>0x192c</run_address>
         <size>0x20</size>
         <input_file_ref idref="fl-d1"/>
      </object_component>
      <object_component id="oc-ef">
         <name>.text:_abort_msg</name>
         <load_address>0x194c</load_address>
         <run_address>0x194c</run_address>
         <size>0x1c</size>
         <input_file_ref idref="fl-c2"/>
      </object_component>
      <object_component id="oc-50">
         <name>.text:decompress:ZI:__TI_zero_init_nomemset:__TI_zero_init_nomemset</name>
         <load_address>0x1968</load_address>
         <run_address>0x1968</run_address>
         <size>0x1c</size>
         <input_file_ref idref="fl-bf"/>
      </object_component>
      <object_component id="oc-22c">
         <name>.text:free_list_remove</name>
         <load_address>0x1984</load_address>
         <run_address>0x1984</run_address>
         <size>0x1c</size>
         <input_file_ref idref="fl-d2"/>
      </object_component>
      <object_component id="oc-302">
         <name>.text:strcmp</name>
         <load_address>0x19a0</load_address>
         <run_address>0x19a0</run_address>
         <size>0x18</size>
         <input_file_ref idref="fl-e5"/>
      </object_component>
      <object_component id="oc-2dd">
         <name>.text:strchr</name>
         <load_address>0x19b8</load_address>
         <run_address>0x19b8</run_address>
         <size>0x16</size>
         <input_file_ref idref="fl-e4"/>
      </object_component>
      <object_component id="oc-2ae">
         <name>.text:strcpy</name>
         <load_address>0x19ce</load_address>
         <run_address>0x19ce</run_address>
         <size>0x14</size>
         <input_file_ref idref="fl-e6"/>
      </object_component>
      <object_component id="oc-175">
         <name>.text:strlen</name>
         <load_address>0x19e2</load_address>
         <run_address>0x19e2</run_address>
         <size>0x14</size>
         <input_file_ref idref="fl-d3"/>
      </object_component>
      <object_component id="oc-1b">
         <name>.text:decompress:none:__TI_decompress_none</name>
         <load_address>0x19f6</load_address>
         <run_address>0x19f6</run_address>
         <size>0xe</size>
         <input_file_ref idref="fl-c0"/>
      </object_component>
      <object_component id="oc-2a">
         <name>.text</name>
         <load_address>0x1a04</load_address>
         <run_address>0x1a04</run_address>
         <size>0xc</size>
         <input_file_ref idref="fl-5"/>
      </object_component>
      <object_component id="oc-1fd">
         <name>.text:malloc</name>
         <load_address>0x1a10</load_address>
         <run_address>0x1a10</run_address>
         <size>0x8</size>
         <input_file_ref idref="fl-d2"/>
      </object_component>
      <object_component id="oc-ac">
         <name>.text:_system_pre_init</name>
         <load_address>0x1a18</load_address>
         <run_address>0x1a18</run_address>
         <size>0x4</size>
         <input_file_ref idref="fl-cc"/>
      </object_component>
      <object_component id="oc-f7">
         <name>.text:abort:abort</name>
         <load_address>0x1a1c</load_address>
         <run_address>0x1a1c</run_address>
         <size>0x4</size>
         <input_file_ref idref="fl-ce"/>
      </object_component>
      <object_component id="oc-f5">
         <name>.const:.string</name>
         <load_address>0x1a20</load_address>
         <run_address>0x1a20</run_address>
         <size>0x146</size>
         <input_file_ref idref="fl-4"/>
      </object_component>
      <object_component id="oc-343">
         <name>.cinit..data.load</name>
         <load_address>0x1b68</load_address>
         <run_address>0x1b68</run_address>
         <size>0x67</size>
      </object_component>
      <object_component id="oc-341">
         <name>__TI_handler_table</name>
         <load_address>0x1bd0</load_address>
         <run_address>0x1bd0</run_address>
         <size>0xc</size>
      </object_component>
      <object_component id="oc-344">
         <name>.cinit..bss.load</name>
         <load_address>0x1be0</load_address>
         <run_address>0x1be0</run_address>
         <size>0x8</size>
      </object_component>
      <object_component id="oc-342">
         <name>__TI_cinit_table</name>
         <load_address>0x1be8</load_address>
         <run_address>0x1be8</run_address>
         <size>0x10</size>
      </object_component>
      <object_component id="oc-7b">
         <name>.data</name>
         <load_address>0x200003e4</load_address>
         <run_address>0x200003e4</run_address>
         <size>0x4</size>
         <input_file_ref idref="fl-3"/>
      </object_component>
      <object_component id="oc-148">
         <name>.data:_ftable</name>
         <load_address>0x20000200</load_address>
         <run_address>0x20000200</run_address>
         <size>0xf0</size>
         <input_file_ref idref="fl-c3"/>
      </object_component>
      <object_component id="oc-18f">
         <name>.data</name>
         <load_address>0x200003b8</load_address>
         <run_address>0x200003b8</run_address>
         <size>0x10</size>
         <input_file_ref idref="fl-c3"/>
      </object_component>
      <object_component id="oc-14e">
         <name>.data:$O1$$</name>
         <load_address>0x200003c8</load_address>
         <run_address>0x200003c8</run_address>
         <size>0xc</size>
         <input_file_ref idref="fl-ce"/>
      </object_component>
      <object_component id="oc-151">
         <name>.data:$O1$$</name>
         <load_address>0x200003d4</load_address>
         <run_address>0x200003d4</run_address>
         <size>0x8</size>
         <input_file_ref idref="fl-cf"/>
      </object_component>
      <object_component id="oc-279">
         <name>.data:$O1$$</name>
         <load_address>0x200003dc</load_address>
         <run_address>0x200003dc</run_address>
         <size>0x8</size>
         <input_file_ref idref="fl-d2"/>
      </object_component>
      <object_component id="oc-216">
         <name>.data:_device</name>
         <load_address>0x200002f0</load_address>
         <run_address>0x200002f0</run_address>
         <size>0x78</size>
         <input_file_ref idref="fl-d5"/>
      </object_component>
      <object_component id="oc-1d3">
         <name>.data:_stream</name>
         <load_address>0x20000368</load_address>
         <run_address>0x20000368</run_address>
         <size>0x50</size>
         <input_file_ref idref="fl-d5"/>
      </object_component>
      <object_component id="oc-2c5">
         <name>.bss:_CIOBUF_</name>
         <uninitialized>true</uninitialized>
         <run_address>0x200003e8</run_address>
         <size>0x120</size>
         <input_file_ref idref="fl-df"/>
      </object_component>
      <object_component id="oc-291">
         <name>.common:__TI_tmpnams</name>
         <uninitialized>true</uninitialized>
         <run_address>0x20000508</run_address>
         <size>0xa0</size>
      </object_component>
      <object_component id="oc-2a0">
         <name>.common:parmbuf</name>
         <uninitialized>true</uninitialized>
         <run_address>0x200005a8</run_address>
         <size>0x8</size>
      </object_component>
      <object_component id="oc-27">
         <name>.sysmem</name>
         <uninitialized>true</uninitialized>
         <run_address>0x200005b0</run_address>
         <size>0x10</size>
         <input_file_ref idref="fl-d2"/>
      </object_component>
      <object_component id="oc-347">
         <name>.sysmem</name>
         <uninitialized>true</uninitialized>
         <run_address>0x200005b0</run_address>
         <size>0x0</size>
      </object_component>
      <object_component id="oc-24">
         <name>.stack</name>
         <uninitialized>true</uninitialized>
         <run_address>0x20000000</run_address>
         <size>0x4</size>
         <input_file_ref idref="fl-c4"/>
      </object_component>
      <object_component id="oc-346">
         <name>.stack</name>
         <uninitialized>true</uninitialized>
         <run_address>0x20000000</run_address>
         <size>0x0</size>
      </object_component>
      <object_component id="oc-136">
         <name>.debug_info</name>
         <load_address>0x0</load_address>
         <run_address>0x0</run_address>
         <size>0x266</size>
         <input_file_ref idref="fl-2"/>
      </object_component>
      <object_component id="oc-ed">
         <name>.debug_info</name>
         <load_address>0x266</load_address>
         <run_address>0x266</run_address>
         <size>0x61f</size>
         <input_file_ref idref="fl-2"/>
      </object_component>
      <object_component id="oc-137">
         <name>.debug_info</name>
         <load_address>0x885</load_address>
         <run_address>0x885</run_address>
         <size>0xb7</size>
         <input_file_ref idref="fl-2"/>
      </object_component>
      <object_component id="oc-3f">
         <name>.debug_info</name>
         <load_address>0x93c</load_address>
         <run_address>0x93c</run_address>
         <size>0x84</size>
         <input_file_ref idref="fl-2"/>
      </object_component>
      <object_component id="oc-7f">
         <name>.debug_info</name>
         <load_address>0x9c0</load_address>
         <run_address>0x9c0</run_address>
         <size>0xae</size>
         <input_file_ref idref="fl-2"/>
      </object_component>
      <object_component id="oc-84">
         <name>.debug_info</name>
         <load_address>0xa6e</load_address>
         <run_address>0xa6e</run_address>
         <size>0x26f</size>
         <input_file_ref idref="fl-3"/>
      </object_component>
      <object_component id="oc-7c">
         <name>.debug_info</name>
         <load_address>0xcdd</load_address>
         <run_address>0xcdd</run_address>
         <size>0xee</size>
         <input_file_ref idref="fl-3"/>
      </object_component>
      <object_component id="oc-31">
         <name>.debug_info</name>
         <load_address>0xdcb</load_address>
         <run_address>0xdcb</run_address>
         <size>0x4e7</size>
         <input_file_ref idref="fl-3"/>
      </object_component>
      <object_component id="oc-b4">
         <name>.debug_info</name>
         <load_address>0x12b2</load_address>
         <run_address>0x12b2</run_address>
         <size>0x48f</size>
         <input_file_ref idref="fl-4"/>
      </object_component>
      <object_component id="oc-38">
         <name>.debug_info</name>
         <load_address>0x1741</load_address>
         <run_address>0x1741</run_address>
         <size>0x2e5</size>
         <input_file_ref idref="fl-5"/>
      </object_component>
      <object_component id="oc-13">
         <name>.debug_info</name>
         <load_address>0x1a26</load_address>
         <run_address>0x1a26</run_address>
         <size>0xfe</size>
         <input_file_ref idref="fl-5"/>
      </object_component>
      <object_component id="oc-2c">
         <name>.debug_info</name>
         <load_address>0x1b24</load_address>
         <run_address>0x1b24</run_address>
         <size>0x27a</size>
         <input_file_ref idref="fl-5"/>
      </object_component>
      <object_component id="oc-87">
         <name>.debug_info</name>
         <load_address>0x1d9e</load_address>
         <run_address>0x1d9e</run_address>
         <size>0x26b</size>
         <input_file_ref idref="fl-5"/>
      </object_component>
      <object_component id="oc-d4">
         <name>.debug_info</name>
         <load_address>0x2009</load_address>
         <run_address>0x2009</run_address>
         <size>0x2a4</size>
         <input_file_ref idref="fl-5"/>
      </object_component>
      <object_component id="oc-8c">
         <name>.debug_info</name>
         <load_address>0x22ad</load_address>
         <run_address>0x22ad</run_address>
         <size>0xbb</size>
         <input_file_ref idref="fl-5"/>
      </object_component>
      <object_component id="oc-a5">
         <name>.debug_info</name>
         <load_address>0x2368</load_address>
         <run_address>0x2368</run_address>
         <size>0x2d4</size>
         <input_file_ref idref="fl-bf"/>
      </object_component>
      <object_component id="oc-51">
         <name>.debug_info</name>
         <load_address>0x263c</load_address>
         <run_address>0x263c</run_address>
         <size>0x1d2</size>
         <input_file_ref idref="fl-bf"/>
      </object_component>
      <object_component id="oc-a0">
         <name>.debug_info</name>
         <load_address>0x280e</load_address>
         <run_address>0x280e</run_address>
         <size>0x46</size>
         <input_file_ref idref="fl-bf"/>
      </object_component>
      <object_component id="oc-e0">
         <name>.debug_info</name>
         <load_address>0x2854</load_address>
         <run_address>0x2854</run_address>
         <size>0x2c</size>
         <input_file_ref idref="fl-bf"/>
      </object_component>
      <object_component id="oc-4f">
         <name>.debug_info</name>
         <load_address>0x2880</load_address>
         <run_address>0x2880</run_address>
         <size>0x2a8</size>
         <input_file_ref idref="fl-c0"/>
      </object_component>
      <object_component id="oc-1d">
         <name>.debug_info</name>
         <load_address>0x2b28</load_address>
         <run_address>0x2b28</run_address>
         <size>0x1ea</size>
         <input_file_ref idref="fl-c0"/>
      </object_component>
      <object_component id="oc-4a">
         <name>.debug_info</name>
         <load_address>0x2d12</load_address>
         <run_address>0x2d12</run_address>
         <size>0x46</size>
         <input_file_ref idref="fl-c0"/>
      </object_component>
      <object_component id="oc-98">
         <name>.debug_info</name>
         <load_address>0x2d58</load_address>
         <run_address>0x2d58</run_address>
         <size>0x2c</size>
         <input_file_ref idref="fl-c0"/>
      </object_component>
      <object_component id="oc-96">
         <name>.debug_info</name>
         <load_address>0x2d84</load_address>
         <run_address>0x2d84</run_address>
         <size>0x29e</size>
         <input_file_ref idref="fl-c1"/>
      </object_component>
      <object_component id="oc-19">
         <name>.debug_info</name>
         <load_address>0x3022</load_address>
         <run_address>0x3022</run_address>
         <size>0x250</size>
         <input_file_ref idref="fl-c1"/>
      </object_component>
      <object_component id="oc-3a">
         <name>.debug_info</name>
         <load_address>0x3272</load_address>
         <run_address>0x3272</run_address>
         <size>0x60</size>
         <input_file_ref idref="fl-c1"/>
      </object_component>
      <object_component id="oc-d9">
         <name>.debug_info</name>
         <load_address>0x32d2</load_address>
         <run_address>0x32d2</run_address>
         <size>0x46</size>
         <input_file_ref idref="fl-c1"/>
      </object_component>
      <object_component id="oc-91">
         <name>.debug_info</name>
         <load_address>0x3318</load_address>
         <run_address>0x3318</run_address>
         <size>0x39</size>
         <input_file_ref idref="fl-c1"/>
      </object_component>
      <object_component id="oc-14c">
         <name>.debug_info</name>
         <load_address>0x3351</load_address>
         <run_address>0x3351</run_address>
         <size>0x322</size>
         <input_file_ref idref="fl-c2"/>
      </object_component>
      <object_component id="oc-f1">
         <name>.debug_info</name>
         <load_address>0x3673</load_address>
         <run_address>0x3673</run_address>
         <size>0x177</size>
         <input_file_ref idref="fl-c2"/>
      </object_component>
      <object_component id="oc-19a">
         <name>.debug_info</name>
         <load_address>0x37ea</load_address>
         <run_address>0x37ea</run_address>
         <size>0xb2</size>
         <input_file_ref idref="fl-c2"/>
      </object_component>
      <object_component id="oc-196">
         <name>.debug_info</name>
         <load_address>0x389c</load_address>
         <run_address>0x389c</run_address>
         <size>0x144</size>
         <input_file_ref idref="fl-c3"/>
      </object_component>
      <object_component id="oc-149">
         <name>.debug_info</name>
         <load_address>0x39e0</load_address>
         <run_address>0x39e0</run_address>
         <size>0x102</size>
         <input_file_ref idref="fl-c3"/>
      </object_component>
      <object_component id="oc-190">
         <name>.debug_info</name>
         <load_address>0x3ae2</load_address>
         <run_address>0x3ae2</run_address>
         <size>0x18f</size>
         <input_file_ref idref="fl-c3"/>
      </object_component>
      <object_component id="oc-25">
         <name>.debug_info</name>
         <load_address>0x3c71</load_address>
         <run_address>0x3c71</run_address>
         <size>0x10b</size>
         <input_file_ref idref="fl-c4"/>
      </object_component>
      <object_component id="oc-64">
         <name>.debug_info</name>
         <load_address>0x3d7c</load_address>
         <run_address>0x3d7c</run_address>
         <size>0x1a9</size>
         <input_file_ref idref="fl-c4"/>
      </object_component>
      <object_component id="oc-193">
         <name>.debug_info</name>
         <load_address>0x3f25</load_address>
         <run_address>0x3f25</run_address>
         <size>0x347</size>
         <input_file_ref idref="fl-c5"/>
      </object_component>
      <object_component id="oc-184">
         <name>.debug_info</name>
         <load_address>0x426c</load_address>
         <run_address>0x426c</run_address>
         <size>0x18a</size>
         <input_file_ref idref="fl-c5"/>
      </object_component>
      <object_component id="oc-146">
         <name>.debug_info</name>
         <load_address>0x43f6</load_address>
         <run_address>0x43f6</run_address>
         <size>0x1c8</size>
         <input_file_ref idref="fl-c5"/>
      </object_component>
      <object_component id="oc-18e">
         <name>.debug_info</name>
         <load_address>0x45be</load_address>
         <run_address>0x45be</run_address>
         <size>0x3fc</size>
         <input_file_ref idref="fl-c6"/>
      </object_component>
      <object_component id="oc-13e">
         <name>.debug_info</name>
         <load_address>0x49ba</load_address>
         <run_address>0x49ba</run_address>
         <size>0x2e2</size>
         <input_file_ref idref="fl-c6"/>
      </object_component>
      <object_component id="oc-1cd">
         <name>.debug_info</name>
         <load_address>0x4c9c</load_address>
         <run_address>0x4c9c</run_address>
         <size>0x300</size>
         <input_file_ref idref="fl-c7"/>
      </object_component>
      <object_component id="oc-173">
         <name>.debug_info</name>
         <load_address>0x4f9c</load_address>
         <run_address>0x4f9c</run_address>
         <size>0x19c</size>
         <input_file_ref idref="fl-c7"/>
      </object_component>
      <object_component id="oc-20b">
         <name>.debug_info</name>
         <load_address>0x5138</load_address>
         <run_address>0x5138</run_address>
         <size>0xbf</size>
         <input_file_ref idref="fl-c7"/>
      </object_component>
      <object_component id="oc-20a">
         <name>.debug_info</name>
         <load_address>0x51f7</load_address>
         <run_address>0x51f7</run_address>
         <size>0x374</size>
         <input_file_ref idref="fl-c8"/>
      </object_component>
      <object_component id="oc-1ca">
         <name>.debug_info</name>
         <load_address>0x556b</load_address>
         <run_address>0x556b</run_address>
         <size>0x20b</size>
         <input_file_ref idref="fl-c8"/>
      </object_component>
      <object_component id="oc-46">
         <name>.debug_info</name>
         <load_address>0x5776</load_address>
         <run_address>0x5776</run_address>
         <size>0x119</size>
         <input_file_ref idref="fl-c9"/>
      </object_component>
      <object_component id="oc-158">
         <name>.debug_info</name>
         <load_address>0x588f</load_address>
         <run_address>0x588f</run_address>
         <size>0x4b3</size>
         <input_file_ref idref="fl-cb"/>
      </object_component>
      <object_component id="oc-106">
         <name>.debug_info</name>
         <load_address>0x5d42</load_address>
         <run_address>0x5d42</run_address>
         <size>0x1a6</size>
         <input_file_ref idref="fl-cb"/>
      </object_component>
      <object_component id="oc-1af">
         <name>.debug_info</name>
         <load_address>0x5ee8</load_address>
         <run_address>0x5ee8</run_address>
         <size>0x39</size>
         <input_file_ref idref="fl-cb"/>
      </object_component>
      <object_component id="oc-1e3">
         <name>.debug_info</name>
         <load_address>0x5f21</load_address>
         <run_address>0x5f21</run_address>
         <size>0x39</size>
         <input_file_ref idref="fl-cb"/>
      </object_component>
      <object_component id="oc-1b4">
         <name>.debug_info</name>
         <load_address>0x5f5a</load_address>
         <run_address>0x5f5a</run_address>
         <size>0x39</size>
         <input_file_ref idref="fl-cb"/>
      </object_component>
      <object_component id="oc-1b9">
         <name>.debug_info</name>
         <load_address>0x5f93</load_address>
         <run_address>0x5f93</run_address>
         <size>0xcd</size>
         <input_file_ref idref="fl-cb"/>
      </object_component>
      <object_component id="oc-b0">
         <name>.debug_info</name>
         <load_address>0x6060</load_address>
         <run_address>0x6060</run_address>
         <size>0x153</size>
         <input_file_ref idref="fl-cc"/>
      </object_component>
      <object_component id="oc-155">
         <name>.debug_info</name>
         <load_address>0x61b3</load_address>
         <run_address>0x61b3</run_address>
         <size>0x3ad</size>
         <input_file_ref idref="fl-ce"/>
      </object_component>
      <object_component id="oc-14f">
         <name>.debug_info</name>
         <load_address>0x6560</load_address>
         <run_address>0x6560</run_address>
         <size>0x190</size>
         <input_file_ref idref="fl-ce"/>
      </object_component>
      <object_component id="oc-f8">
         <name>.debug_info</name>
         <load_address>0x66f0</load_address>
         <run_address>0x66f0</run_address>
         <size>0x122</size>
         <input_file_ref idref="fl-ce"/>
      </object_component>
      <object_component id="oc-101">
         <name>.debug_info</name>
         <load_address>0x6812</load_address>
         <run_address>0x6812</run_address>
         <size>0x184</size>
         <input_file_ref idref="fl-ce"/>
      </object_component>
      <object_component id="oc-1a9">
         <name>.debug_info</name>
         <load_address>0x6996</load_address>
         <run_address>0x6996</run_address>
         <size>0x2c9</size>
         <input_file_ref idref="fl-cf"/>
      </object_component>
      <object_component id="oc-152">
         <name>.debug_info</name>
         <load_address>0x6c5f</load_address>
         <run_address>0x6c5f</run_address>
         <size>0x11e</size>
         <input_file_ref idref="fl-cf"/>
      </object_component>
      <object_component id="oc-1a5">
         <name>.debug_info</name>
         <load_address>0x6d7d</load_address>
         <run_address>0x6d7d</run_address>
         <size>0x12e</size>
         <input_file_ref idref="fl-cf"/>
      </object_component>
      <object_component id="oc-1d1">
         <name>.debug_info</name>
         <load_address>0x6eab</load_address>
         <run_address>0x6eab</run_address>
         <size>0x2a5</size>
         <input_file_ref idref="fl-d1"/>
      </object_component>
      <object_component id="oc-17d">
         <name>.debug_info</name>
         <load_address>0x7150</load_address>
         <run_address>0x7150</run_address>
         <size>0x25d</size>
         <input_file_ref idref="fl-d1"/>
      </object_component>
      <object_component id="oc-78">
         <name>.debug_info</name>
         <load_address>0x73ad</load_address>
         <run_address>0x73ad</run_address>
         <size>0x3b2</size>
         <input_file_ref idref="fl-d2"/>
      </object_component>
      <object_component id="oc-28">
         <name>.debug_info</name>
         <load_address>0x775f</load_address>
         <run_address>0x775f</run_address>
         <size>0x10c</size>
         <input_file_ref idref="fl-d2"/>
      </object_component>
      <object_component id="oc-27a">
         <name>.debug_info</name>
         <load_address>0x786b</load_address>
         <run_address>0x786b</run_address>
         <size>0x13f</size>
         <input_file_ref idref="fl-d2"/>
      </object_component>
      <object_component id="oc-1ff">
         <name>.debug_info</name>
         <load_address>0x79aa</load_address>
         <run_address>0x79aa</run_address>
         <size>0x168</size>
         <input_file_ref idref="fl-d2"/>
      </object_component>
      <object_component id="oc-22d">
         <name>.debug_info</name>
         <load_address>0x7b12</load_address>
         <run_address>0x7b12</run_address>
         <size>0x18e</size>
         <input_file_ref idref="fl-d2"/>
      </object_component>
      <object_component id="oc-233">
         <name>.debug_info</name>
         <load_address>0x7ca0</load_address>
         <run_address>0x7ca0</run_address>
         <size>0x19f</size>
         <input_file_ref idref="fl-d2"/>
      </object_component>
      <object_component id="oc-1f8">
         <name>.debug_info</name>
         <load_address>0x7e3f</load_address>
         <run_address>0x7e3f</run_address>
         <size>0x203</size>
         <input_file_ref idref="fl-d2"/>
      </object_component>
      <object_component id="oc-27f">
         <name>.debug_info</name>
         <load_address>0x8042</load_address>
         <run_address>0x8042</run_address>
         <size>0x1db</size>
         <input_file_ref idref="fl-d2"/>
      </object_component>
      <object_component id="oc-23a">
         <name>.debug_info</name>
         <load_address>0x821d</load_address>
         <run_address>0x821d</run_address>
         <size>0x299</size>
         <input_file_ref idref="fl-d2"/>
      </object_component>
      <object_component id="oc-cb">
         <name>.debug_info</name>
         <load_address>0x84b6</load_address>
         <run_address>0x84b6</run_address>
         <size>0xb2</size>
         <input_file_ref idref="fl-d2"/>
      </object_component>
      <object_component id="oc-c6">
         <name>.debug_info</name>
         <load_address>0x8568</load_address>
         <run_address>0x8568</run_address>
         <size>0x2c</size>
         <input_file_ref idref="fl-d2"/>
      </object_component>
      <object_component id="oc-1cf">
         <name>.debug_info</name>
         <load_address>0x8594</load_address>
         <run_address>0x8594</run_address>
         <size>0x28f</size>
         <input_file_ref idref="fl-d3"/>
      </object_component>
      <object_component id="oc-178">
         <name>.debug_info</name>
         <load_address>0x8823</load_address>
         <run_address>0x8823</run_address>
         <size>0x245</size>
         <input_file_ref idref="fl-d3"/>
      </object_component>
      <object_component id="oc-1d7">
         <name>.debug_info</name>
         <load_address>0x8a68</load_address>
         <run_address>0x8a68</run_address>
         <size>0x397</size>
         <input_file_ref idref="fl-d4"/>
      </object_component>
      <object_component id="oc-189">
         <name>.debug_info</name>
         <load_address>0x8dff</load_address>
         <run_address>0x8dff</run_address>
         <size>0x18f</size>
         <input_file_ref idref="fl-d4"/>
      </object_component>
      <object_component id="oc-21e">
         <name>.debug_info</name>
         <load_address>0x8f8e</load_address>
         <run_address>0x8f8e</run_address>
         <size>0x120</size>
         <input_file_ref idref="fl-d4"/>
      </object_component>
      <object_component id="oc-223">
         <name>.debug_info</name>
         <load_address>0x90ae</load_address>
         <run_address>0x90ae</run_address>
         <size>0x2c</size>
         <input_file_ref idref="fl-d4"/>
      </object_component>
      <object_component id="oc-21b">
         <name>.debug_info</name>
         <load_address>0x90da</load_address>
         <run_address>0x90da</run_address>
         <size>0x337</size>
         <input_file_ref idref="fl-d5"/>
      </object_component>
      <object_component id="oc-217">
         <name>.debug_info</name>
         <load_address>0x9411</load_address>
         <run_address>0x9411</run_address>
         <size>0x109</size>
         <input_file_ref idref="fl-d5"/>
      </object_component>
      <object_component id="oc-1d4">
         <name>.debug_info</name>
         <load_address>0x951a</load_address>
         <run_address>0x951a</run_address>
         <size>0x109</size>
         <input_file_ref idref="fl-d5"/>
      </object_component>
      <object_component id="oc-204">
         <name>.debug_info</name>
         <load_address>0x9623</load_address>
         <run_address>0x9623</run_address>
         <size>0x176</size>
         <input_file_ref idref="fl-d6"/>
      </object_component>
      <object_component id="oc-1f6">
         <name>.debug_info</name>
         <load_address>0x9799</load_address>
         <run_address>0x9799</run_address>
         <size>0x324</size>
         <input_file_ref idref="fl-d7"/>
      </object_component>
      <object_component id="oc-1c1">
         <name>.debug_info</name>
         <load_address>0x9abd</load_address>
         <run_address>0x9abd</run_address>
         <size>0x1ec</size>
         <input_file_ref idref="fl-d7"/>
      </object_component>
      <object_component id="oc-2a5">
         <name>.debug_info</name>
         <load_address>0x9ca9</load_address>
         <run_address>0x9ca9</run_address>
         <size>0x373</size>
         <input_file_ref idref="fl-d8"/>
      </object_component>
      <object_component id="oc-252">
         <name>.debug_info</name>
         <load_address>0xa01c</load_address>
         <run_address>0xa01c</run_address>
         <size>0x1bc</size>
         <input_file_ref idref="fl-d8"/>
      </object_component>
      <object_component id="oc-2ab">
         <name>.debug_info</name>
         <load_address>0xa1d8</load_address>
         <run_address>0xa1d8</run_address>
         <size>0x378</size>
         <input_file_ref idref="fl-d9"/>
      </object_component>
      <object_component id="oc-264">
         <name>.debug_info</name>
         <load_address>0xa550</load_address>
         <run_address>0xa550</run_address>
         <size>0x210</size>
         <input_file_ref idref="fl-d9"/>
      </object_component>
      <object_component id="oc-2a1">
         <name>.debug_info</name>
         <load_address>0xa760</load_address>
         <run_address>0xa760</run_address>
         <size>0x3a3</size>
         <input_file_ref idref="fl-da"/>
      </object_component>
      <object_component id="oc-24b">
         <name>.debug_info</name>
         <load_address>0xab03</load_address>
         <run_address>0xab03</run_address>
         <size>0x20c</size>
         <input_file_ref idref="fl-da"/>
      </object_component>
      <object_component id="oc-2a7">
         <name>.debug_info</name>
         <load_address>0xad0f</load_address>
         <run_address>0xad0f</run_address>
         <size>0x377</size>
         <input_file_ref idref="fl-db"/>
      </object_component>
      <object_component id="oc-259">
         <name>.debug_info</name>
         <load_address>0xb086</load_address>
         <run_address>0xb086</run_address>
         <size>0x1fb</size>
         <input_file_ref idref="fl-db"/>
      </object_component>
      <object_component id="oc-2b5">
         <name>.debug_info</name>
         <load_address>0xb281</load_address>
         <run_address>0xb281</run_address>
         <size>0x3d5</size>
         <input_file_ref idref="fl-dc"/>
      </object_component>
      <object_component id="oc-26e">
         <name>.debug_info</name>
         <load_address>0xb656</load_address>
         <run_address>0xb656</run_address>
         <size>0x236</size>
         <input_file_ref idref="fl-dc"/>
      </object_component>
      <object_component id="oc-2ad">
         <name>.debug_info</name>
         <load_address>0xb88c</load_address>
         <run_address>0xb88c</run_address>
         <size>0x396</size>
         <input_file_ref idref="fl-dd"/>
      </object_component>
      <object_component id="oc-26b">
         <name>.debug_info</name>
         <load_address>0xbc22</load_address>
         <run_address>0xbc22</run_address>
         <size>0x1c6</size>
         <input_file_ref idref="fl-dd"/>
      </object_component>
      <object_component id="oc-2a9">
         <name>.debug_info</name>
         <load_address>0xbde8</load_address>
         <run_address>0xbde8</run_address>
         <size>0x378</size>
         <input_file_ref idref="fl-de"/>
      </object_component>
      <object_component id="oc-25e">
         <name>.debug_info</name>
         <load_address>0xc160</load_address>
         <run_address>0xc160</run_address>
         <size>0x200</size>
         <input_file_ref idref="fl-de"/>
      </object_component>
      <object_component id="oc-2c9">
         <name>.debug_info</name>
         <load_address>0xc360</load_address>
         <run_address>0xc360</run_address>
         <size>0x2bb</size>
         <input_file_ref idref="fl-df"/>
      </object_component>
      <object_component id="oc-2c6">
         <name>.debug_info</name>
         <load_address>0xc61b</load_address>
         <run_address>0xc61b</run_address>
         <size>0x108</size>
         <input_file_ref idref="fl-df"/>
      </object_component>
      <object_component id="oc-296">
         <name>.debug_info</name>
         <load_address>0xc723</load_address>
         <run_address>0xc723</run_address>
         <size>0x1df</size>
         <input_file_ref idref="fl-df"/>
      </object_component>
      <object_component id="oc-29e">
         <name>.debug_info</name>
         <load_address>0xc902</load_address>
         <run_address>0xc902</run_address>
         <size>0x19a</size>
         <input_file_ref idref="fl-df"/>
      </object_component>
      <object_component id="oc-229">
         <name>.debug_info</name>
         <load_address>0xca9c</load_address>
         <run_address>0xca9c</run_address>
         <size>0x397</size>
         <input_file_ref idref="fl-e1"/>
      </object_component>
      <object_component id="oc-1f0">
         <name>.debug_info</name>
         <load_address>0xce33</load_address>
         <run_address>0xce33</run_address>
         <size>0x195</size>
         <input_file_ref idref="fl-e1"/>
      </object_component>
      <object_component id="oc-293">
         <name>.debug_info</name>
         <load_address>0xcfc8</load_address>
         <run_address>0xcfc8</run_address>
         <size>0x3a5</size>
         <input_file_ref idref="fl-e2"/>
      </object_component>
      <object_component id="oc-242">
         <name>.debug_info</name>
         <load_address>0xd36d</load_address>
         <run_address>0xd36d</run_address>
         <size>0x1f3</size>
         <input_file_ref idref="fl-e2"/>
      </object_component>
      <object_component id="oc-2f0">
         <name>.debug_info</name>
         <load_address>0xd560</load_address>
         <run_address>0xd560</run_address>
         <size>0x42c</size>
         <input_file_ref idref="fl-e3"/>
      </object_component>
      <object_component id="oc-2ea">
         <name>.debug_info</name>
         <load_address>0xd98c</load_address>
         <run_address>0xd98c</run_address>
         <size>0x192</size>
         <input_file_ref idref="fl-e3"/>
      </object_component>
      <object_component id="oc-2bd">
         <name>.debug_info</name>
         <load_address>0xdb1e</load_address>
         <run_address>0xdb1e</run_address>
         <size>0x1eb</size>
         <input_file_ref idref="fl-e3"/>
      </object_component>
      <object_component id="oc-2f3">
         <name>.debug_info</name>
         <load_address>0xdd09</load_address>
         <run_address>0xdd09</run_address>
         <size>0xea</size>
         <input_file_ref idref="fl-e3"/>
      </object_component>
      <object_component id="oc-30b">
         <name>.debug_info</name>
         <load_address>0xddf3</load_address>
         <run_address>0xddf3</run_address>
         <size>0x2c</size>
         <input_file_ref idref="fl-e3"/>
      </object_component>
      <object_component id="oc-2ff">
         <name>.debug_info</name>
         <load_address>0xde1f</load_address>
         <run_address>0xde1f</run_address>
         <size>0x29a</size>
         <input_file_ref idref="fl-e4"/>
      </object_component>
      <object_component id="oc-2e0">
         <name>.debug_info</name>
         <load_address>0xe0b9</load_address>
         <run_address>0xe0b9</run_address>
         <size>0x262</size>
         <input_file_ref idref="fl-e4"/>
      </object_component>
      <object_component id="oc-315">
         <name>.debug_info</name>
         <load_address>0xe31b</load_address>
         <run_address>0xe31b</run_address>
         <size>0x28a</size>
         <input_file_ref idref="fl-e5"/>
      </object_component>
      <object_component id="oc-303">
         <name>.debug_info</name>
         <load_address>0xe5a5</load_address>
         <run_address>0xe5a5</run_address>
         <size>0x273</size>
         <input_file_ref idref="fl-e5"/>
      </object_component>
      <object_component id="oc-2d8">
         <name>.debug_info</name>
         <load_address>0xe818</load_address>
         <run_address>0xe818</run_address>
         <size>0x2a4</size>
         <input_file_ref idref="fl-e6"/>
      </object_component>
      <object_component id="oc-2af">
         <name>.debug_info</name>
         <load_address>0xeabc</load_address>
         <run_address>0xeabc</run_address>
         <size>0x24d</size>
         <input_file_ref idref="fl-e6"/>
      </object_component>
      <object_component id="oc-301">
         <name>.debug_info</name>
         <load_address>0xed09</load_address>
         <run_address>0xed09</run_address>
         <size>0x2af</size>
         <input_file_ref idref="fl-e7"/>
      </object_component>
      <object_component id="oc-2e4">
         <name>.debug_info</name>
         <load_address>0xefb8</load_address>
         <run_address>0xefb8</run_address>
         <size>0x277</size>
         <input_file_ref idref="fl-e7"/>
      </object_component>
      <object_component id="oc-2ba">
         <name>.debug_info</name>
         <load_address>0xf22f</load_address>
         <run_address>0xf22f</run_address>
         <size>0x3cf</size>
         <input_file_ref idref="fl-e9"/>
      </object_component>
      <object_component id="oc-289">
         <name>.debug_info</name>
         <load_address>0xf5fe</load_address>
         <run_address>0xf5fe</run_address>
         <size>0x195</size>
         <input_file_ref idref="fl-e9"/>
      </object_component>
      <object_component id="oc-2c2">
         <name>.debug_info</name>
         <load_address>0xf793</load_address>
         <run_address>0xf793</run_address>
         <size>0x3d1</size>
         <input_file_ref idref="fl-ea"/>
      </object_component>
      <object_component id="oc-28e">
         <name>.debug_info</name>
         <load_address>0xfb64</load_address>
         <run_address>0xfb64</run_address>
         <size>0x1a5</size>
         <input_file_ref idref="fl-ea"/>
      </object_component>
      <object_component id="oc-348">
         <name>.debug_info</name>
         <load_address>0xfd09</load_address>
         <run_address>0xfd09</run_address>
         <size>0xb1</size>
      </object_component>
      <object_component id="oc-16e">
         <name>.debug_line</name>
         <load_address>0x0</load_address>
         <run_address>0x0</run_address>
         <size>0x20</size>
         <input_file_ref idref="fl-2"/>
      </object_component>
      <object_component id="oc-ea">
         <name>.debug_line</name>
         <load_address>0x20</load_address>
         <run_address>0x20</run_address>
         <size>0x14e</size>
         <input_file_ref idref="fl-2"/>
      </object_component>
      <object_component id="oc-13a">
         <name>.debug_line</name>
         <load_address>0x16e</load_address>
         <run_address>0x16e</run_address>
         <size>0x2d</size>
         <input_file_ref idref="fl-2"/>
      </object_component>
      <object_component id="oc-42">
         <name>.debug_line</name>
         <load_address>0x19b</load_address>
         <run_address>0x19b</run_address>
         <size>0x20</size>
         <input_file_ref idref="fl-2"/>
      </object_component>
      <object_component id="oc-82">
         <name>.debug_line</name>
         <load_address>0x1bb</load_address>
         <run_address>0x1bb</run_address>
         <size>0x32</size>
         <input_file_ref idref="fl-2"/>
      </object_component>
      <object_component id="oc-d3">
         <name>.debug_line</name>
         <load_address>0x1ed</load_address>
         <run_address>0x1ed</run_address>
         <size>0x20</size>
         <input_file_ref idref="fl-3"/>
      </object_component>
      <object_component id="oc-d1">
         <name>.debug_line</name>
         <load_address>0x20d</load_address>
         <run_address>0x20d</run_address>
         <size>0x30</size>
         <input_file_ref idref="fl-3"/>
      </object_component>
      <object_component id="oc-35">
         <name>.debug_line</name>
         <load_address>0x23d</load_address>
         <run_address>0x23d</run_address>
         <size>0x103</size>
         <input_file_ref idref="fl-3"/>
      </object_component>
      <object_component id="oc-b3">
         <name>.debug_line</name>
         <load_address>0x340</load_address>
         <run_address>0x340</run_address>
         <size>0xac</size>
         <input_file_ref idref="fl-4"/>
      </object_component>
      <object_component id="oc-86">
         <name>.debug_line</name>
         <load_address>0x3ec</load_address>
         <run_address>0x3ec</run_address>
         <size>0x41</size>
         <input_file_ref idref="fl-5"/>
      </object_component>
      <object_component id="oc-37">
         <name>.debug_line</name>
         <load_address>0x42d</load_address>
         <run_address>0x42d</run_address>
         <size>0x41</size>
         <input_file_ref idref="fl-5"/>
      </object_component>
      <object_component id="oc-2f">
         <name>.debug_line</name>
         <load_address>0x46e</load_address>
         <run_address>0x46e</run_address>
         <size>0xa1</size>
         <input_file_ref idref="fl-5"/>
      </object_component>
      <object_component id="oc-8a">
         <name>.debug_line</name>
         <load_address>0x50f</load_address>
         <run_address>0x50f</run_address>
         <size>0x6f</size>
         <input_file_ref idref="fl-5"/>
      </object_component>
      <object_component id="oc-d7">
         <name>.debug_line</name>
         <load_address>0x57e</load_address>
         <run_address>0x57e</run_address>
         <size>0x73</size>
         <input_file_ref idref="fl-5"/>
      </object_component>
      <object_component id="oc-8f">
         <name>.debug_line</name>
         <load_address>0x5f1</load_address>
         <run_address>0x5f1</run_address>
         <size>0x70</size>
         <input_file_ref idref="fl-5"/>
      </object_component>
      <object_component id="oc-e6">
         <name>.debug_line</name>
         <load_address>0x661</load_address>
         <run_address>0x661</run_address>
         <size>0x92</size>
         <input_file_ref idref="fl-bf"/>
      </object_component>
      <object_component id="oc-55">
         <name>.debug_line</name>
         <load_address>0x6f3</load_address>
         <run_address>0x6f3</run_address>
         <size>0x4c</size>
         <input_file_ref idref="fl-bf"/>
      </object_component>
      <object_component id="oc-a3">
         <name>.debug_line</name>
         <load_address>0x73f</load_address>
         <run_address>0x73f</run_address>
         <size>0x34</size>
         <input_file_ref idref="fl-bf"/>
      </object_component>
      <object_component id="oc-e3">
         <name>.debug_line</name>
         <load_address>0x773</load_address>
         <run_address>0x773</run_address>
         <size>0x92</size>
         <input_file_ref idref="fl-bf"/>
      </object_component>
      <object_component id="oc-9e">
         <name>.debug_line</name>
         <load_address>0x805</load_address>
         <run_address>0x805</run_address>
         <size>0x20</size>
         <input_file_ref idref="fl-c0"/>
      </object_component>
      <object_component id="oc-1f">
         <name>.debug_line</name>
         <load_address>0x825</load_address>
         <run_address>0x825</run_address>
         <size>0x55</size>
         <input_file_ref idref="fl-c0"/>
      </object_component>
      <object_component id="oc-4d">
         <name>.debug_line</name>
         <load_address>0x87a</load_address>
         <run_address>0x87a</run_address>
         <size>0x3a</size>
         <input_file_ref idref="fl-c0"/>
      </object_component>
      <object_component id="oc-9b">
         <name>.debug_line</name>
         <load_address>0x8b4</load_address>
         <run_address>0x8b4</run_address>
         <size>0x92</size>
         <input_file_ref idref="fl-c0"/>
      </object_component>
      <object_component id="oc-df">
         <name>.debug_line</name>
         <load_address>0x946</load_address>
         <run_address>0x946</run_address>
         <size>0x20</size>
         <input_file_ref idref="fl-c1"/>
      </object_component>
      <object_component id="oc-16">
         <name>.debug_line</name>
         <load_address>0x966</load_address>
         <run_address>0x966</run_address>
         <size>0xa9</size>
         <input_file_ref idref="fl-c1"/>
      </object_component>
      <object_component id="oc-3d">
         <name>.debug_line</name>
         <load_address>0xa0f</load_address>
         <run_address>0xa0f</run_address>
         <size>0x3a</size>
         <input_file_ref idref="fl-c1"/>
      </object_component>
      <object_component id="oc-dc">
         <name>.debug_line</name>
         <load_address>0xa49</load_address>
         <run_address>0xa49</run_address>
         <size>0x9a</size>
         <input_file_ref idref="fl-c1"/>
      </object_component>
      <object_component id="oc-94">
         <name>.debug_line</name>
         <load_address>0xae3</load_address>
         <run_address>0xae3</run_address>
         <size>0x96</size>
         <input_file_ref idref="fl-c1"/>
      </object_component>
      <object_component id="oc-199">
         <name>.debug_line</name>
         <load_address>0xb79</load_address>
         <run_address>0xb79</run_address>
         <size>0x103</size>
         <input_file_ref idref="fl-c2"/>
      </object_component>
      <object_component id="oc-f4">
         <name>.debug_line</name>
         <load_address>0xc7c</load_address>
         <run_address>0xc7c</run_address>
         <size>0x42</size>
         <input_file_ref idref="fl-c2"/>
      </object_component>
      <object_component id="oc-19d">
         <name>.debug_line</name>
         <load_address>0xcbe</load_address>
         <run_address>0xcbe</run_address>
         <size>0x91</size>
         <input_file_ref idref="fl-c2"/>
      </object_component>
      <object_component id="oc-1df">
         <name>.debug_line</name>
         <load_address>0xd4f</load_address>
         <run_address>0xd4f</run_address>
         <size>0x2a</size>
         <input_file_ref idref="fl-c3"/>
      </object_component>
      <object_component id="oc-195">
         <name>.debug_line</name>
         <load_address>0xd79</load_address>
         <run_address>0xd79</run_address>
         <size>0x2a</size>
         <input_file_ref idref="fl-c3"/>
      </object_component>
      <object_component id="oc-1db">
         <name>.debug_line</name>
         <load_address>0xda3</load_address>
         <run_address>0xda3</run_address>
         <size>0x2a</size>
         <input_file_ref idref="fl-c3"/>
      </object_component>
      <object_component id="oc-75">
         <name>.debug_line</name>
         <load_address>0xdcd</load_address>
         <run_address>0xdcd</run_address>
         <size>0x33</size>
         <input_file_ref idref="fl-c4"/>
      </object_component>
      <object_component id="oc-63">
         <name>.debug_line</name>
         <load_address>0xe00</load_address>
         <run_address>0xe00</run_address>
         <size>0x45</size>
         <input_file_ref idref="fl-c4"/>
      </object_component>
      <object_component id="oc-1dd">
         <name>.debug_line</name>
         <load_address>0xe45</load_address>
         <run_address>0xe45</run_address>
         <size>0x118</size>
         <input_file_ref idref="fl-c5"/>
      </object_component>
      <object_component id="oc-182">
         <name>.debug_line</name>
         <load_address>0xf5d</load_address>
         <run_address>0xf5d</run_address>
         <size>0x5c</size>
         <input_file_ref idref="fl-c5"/>
      </object_component>
      <object_component id="oc-143">
         <name>.debug_line</name>
         <load_address>0xfb9</load_address>
         <run_address>0xfb9</run_address>
         <size>0x7d</size>
         <input_file_ref idref="fl-c5"/>
      </object_component>
      <object_component id="oc-1d9">
         <name>.debug_line</name>
         <load_address>0x1036</load_address>
         <run_address>0x1036</run_address>
         <size>0x189</size>
         <input_file_ref idref="fl-c6"/>
      </object_component>
      <object_component id="oc-141">
         <name>.debug_line</name>
         <load_address>0x11bf</load_address>
         <run_address>0x11bf</run_address>
         <size>0xe0</size>
         <input_file_ref idref="fl-c6"/>
      </object_component>
      <object_component id="oc-211">
         <name>.debug_line</name>
         <load_address>0x129f</load_address>
         <run_address>0x129f</run_address>
         <size>0x91</size>
         <input_file_ref idref="fl-c7"/>
      </object_component>
      <object_component id="oc-170">
         <name>.debug_line</name>
         <load_address>0x1330</load_address>
         <run_address>0x1330</run_address>
         <size>0x6e</size>
         <input_file_ref idref="fl-c7"/>
      </object_component>
      <object_component id="oc-20e">
         <name>.debug_line</name>
         <load_address>0x139e</load_address>
         <run_address>0x139e</run_address>
         <size>0x91</size>
         <input_file_ref idref="fl-c7"/>
      </object_component>
      <object_component id="oc-248">
         <name>.debug_line</name>
         <load_address>0x142f</load_address>
         <run_address>0x142f</run_address>
         <size>0x110</size>
         <input_file_ref idref="fl-c8"/>
      </object_component>
      <object_component id="oc-1c7">
         <name>.debug_line</name>
         <load_address>0x153f</load_address>
         <run_address>0x153f</run_address>
         <size>0xa1</size>
         <input_file_ref idref="fl-c8"/>
      </object_component>
      <object_component id="oc-45">
         <name>.debug_line</name>
         <load_address>0x15e0</load_address>
         <run_address>0x15e0</run_address>
         <size>0x88</size>
         <input_file_ref idref="fl-c9"/>
      </object_component>
      <object_component id="oc-1ae">
         <name>.debug_line</name>
         <load_address>0x1668</load_address>
         <run_address>0x1668</run_address>
         <size>0xbf</size>
         <input_file_ref idref="fl-cb"/>
      </object_component>
      <object_component id="oc-104">
         <name>.debug_line</name>
         <load_address>0x1727</load_address>
         <run_address>0x1727</run_address>
         <size>0x6f</size>
         <input_file_ref idref="fl-cb"/>
      </object_component>
      <object_component id="oc-1b2">
         <name>.debug_line</name>
         <load_address>0x1796</load_address>
         <run_address>0x1796</run_address>
         <size>0x2e</size>
         <input_file_ref idref="fl-cb"/>
      </object_component>
      <object_component id="oc-1e6">
         <name>.debug_line</name>
         <load_address>0x17c4</load_address>
         <run_address>0x17c4</run_address>
         <size>0x9a</size>
         <input_file_ref idref="fl-cb"/>
      </object_component>
      <object_component id="oc-1b7">
         <name>.debug_line</name>
         <load_address>0x185e</load_address>
         <run_address>0x185e</run_address>
         <size>0x97</size>
         <input_file_ref idref="fl-cb"/>
      </object_component>
      <object_component id="oc-1bc">
         <name>.debug_line</name>
         <load_address>0x18f5</load_address>
         <run_address>0x18f5</run_address>
         <size>0x93</size>
         <input_file_ref idref="fl-cb"/>
      </object_component>
      <object_component id="oc-ad">
         <name>.debug_line</name>
         <load_address>0x1988</load_address>
         <run_address>0x1988</run_address>
         <size>0x40</size>
         <input_file_ref idref="fl-cc"/>
      </object_component>
      <object_component id="oc-1ac">
         <name>.debug_line</name>
         <load_address>0x19c8</load_address>
         <run_address>0x19c8</run_address>
         <size>0x102</size>
         <input_file_ref idref="fl-ce"/>
      </object_component>
      <object_component id="oc-1a0">
         <name>.debug_line</name>
         <load_address>0x1aca</load_address>
         <run_address>0x1aca</run_address>
         <size>0x2a</size>
         <input_file_ref idref="fl-ce"/>
      </object_component>
      <object_component id="oc-fc">
         <name>.debug_line</name>
         <load_address>0x1af4</load_address>
         <run_address>0x1af4</run_address>
         <size>0x3c</size>
         <input_file_ref idref="fl-ce"/>
      </object_component>
      <object_component id="oc-100">
         <name>.debug_line</name>
         <load_address>0x1b30</load_address>
         <run_address>0x1b30</run_address>
         <size>0x58</size>
         <input_file_ref idref="fl-ce"/>
      </object_component>
      <object_component id="oc-1e2">
         <name>.debug_line</name>
         <load_address>0x1b88</load_address>
         <run_address>0x1b88</run_address>
         <size>0x20</size>
         <input_file_ref idref="fl-cf"/>
      </object_component>
      <object_component id="oc-1a8">
         <name>.debug_line</name>
         <load_address>0x1ba8</load_address>
         <run_address>0x1ba8</run_address>
         <size>0x2b</size>
         <input_file_ref idref="fl-cf"/>
      </object_component>
      <object_component id="oc-1a2">
         <name>.debug_line</name>
         <load_address>0x1bd3</load_address>
         <run_address>0x1bd3</run_address>
         <size>0x3a</size>
         <input_file_ref idref="fl-cf"/>
      </object_component>
      <object_component id="oc-215">
         <name>.debug_line</name>
         <load_address>0x1c0d</load_address>
         <run_address>0x1c0d</run_address>
         <size>0x20</size>
         <input_file_ref idref="fl-d1"/>
      </object_component>
      <object_component id="oc-17c">
         <name>.debug_line</name>
         <load_address>0x1c2d</load_address>
         <run_address>0x1c2d</run_address>
         <size>0xb6</size>
         <input_file_ref idref="fl-d1"/>
      </object_component>
      <object_component id="oc-c5">
         <name>.debug_line</name>
         <load_address>0x1ce3</load_address>
         <run_address>0x1ce3</run_address>
         <size>0x10f</size>
         <input_file_ref idref="fl-d2"/>
      </object_component>
      <object_component id="oc-77">
         <name>.debug_line</name>
         <load_address>0x1df2</load_address>
         <run_address>0x1df2</run_address>
         <size>0x2c</size>
         <input_file_ref idref="fl-d2"/>
      </object_component>
      <object_component id="oc-2b7">
         <name>.debug_line</name>
         <load_address>0x1e1e</load_address>
         <run_address>0x1e1e</run_address>
         <size>0x2c</size>
         <input_file_ref idref="fl-d2"/>
      </object_component>
      <object_component id="oc-1fe">
         <name>.debug_line</name>
         <load_address>0x1e4a</load_address>
         <run_address>0x1e4a</run_address>
         <size>0x41</size>
         <input_file_ref idref="fl-d2"/>
      </object_component>
      <object_component id="oc-231">
         <name>.debug_line</name>
         <load_address>0x1e8b</load_address>
         <run_address>0x1e8b</run_address>
         <size>0x50</size>
         <input_file_ref idref="fl-d2"/>
      </object_component>
      <object_component id="oc-237">
         <name>.debug_line</name>
         <load_address>0x1edb</load_address>
         <run_address>0x1edb</run_address>
         <size>0x55</size>
         <input_file_ref idref="fl-d2"/>
      </object_component>
      <object_component id="oc-1fc">
         <name>.debug_line</name>
         <load_address>0x1f30</load_address>
         <run_address>0x1f30</run_address>
         <size>0xd0</size>
         <input_file_ref idref="fl-d2"/>
      </object_component>
      <object_component id="oc-283">
         <name>.debug_line</name>
         <load_address>0x2000</load_address>
         <run_address>0x2000</run_address>
[...]
         </contents>
      </load_segment>
      <load_segment id="lg-34e" display="no" color="cyan">
         <name>SEGMENT_1</name>
         <run_address>0x20000000</run_address>
         <size>0x5c0</size>
         <flags>0x6</flags>
         <contents>
            <logical_group_ref idref="lg-d"/>
            <logical_group_ref idref="lg-a"/>
            <logical_group_ref idref="lg-b"/>
            <logical_group_ref idref="lg-c"/>
         </contents>
      </load_segment>
   </logical_group_list>
   <placement_map>
      <memory_area display="yes" color="green">
         <name>FLASH</name>
         <page_id>0x0</page_id>
         <origin>0x0</origin>
         <length>0x40000</length>
         <used_space>0x1bf6</used_space>
         <unused_space>0x3e40a</unused_space>
         <attributes>RX</attributes>
         <usage_details>
            <allocated_space>
               <start_address>0x0</start_address>
               <size>0x26c</size>
               <logical_group_ref idref="lg-3"/>
            </allocated_space>
            <allocated_space>
               <start_address>0x26c</start_address>
               <size>0x17b4</size>
               <logical_group_ref idref="lg-4"/>
            </allocated_space>
            <allocated_space>
               <start_address>0x1a20</start_address>
               <size>0x146</size>
               <logical_group_ref idref="lg-5"/>
            </allocated_space>
            <available_space>
               <start_address>0x1b66</start_address>
               <size>0x2</size>
            </available_space>
            <allocated_space>
               <start_address>0x1b68</start_address>
               <size>0x90</size>
               <logical_group_ref idref="lg-6"/>
            </allocated_space>
            <available_space>
               <start_address>0x1bf8</start_address>
               <size>0x3e408</size>
            </available_space>
         </usage_details>
      </memory_area>
      <memory_area display="yes" color="green">
         <name>SRAM</name>
         <page_id>0x0</page_id>
         <origin>0x20000000</origin>
         <length>0x8000</length>
         <used_space>0x5c0</used_space>
         <unused_space>0x7a40</unused_space>
         <attributes>RWX</attributes>
         <usage_details>
            <allocated_space>
               <start_address>0x20000000</start_address>
               <size>0x0</size>
               <logical_group_ref idref="lg-31a"/>
            </allocated_space>
            <allocated_space>
               <start_address>0x20000000</start_address>
               <size>0x200</size>
               <logical_group_ref idref="lg-d"/>
            </allocated_space>
            <allocated_space>
               <start_address>0x20000200</start_address>
               <size>0x1e8</size>
               <logical_group_ref idref="lg-a"/>
            </allocated_space>
            <allocated_space>
               <start_address>0x200003e8</start_address>
               <size>0x1c8</size>
               <logical_group_ref idref="lg-b"/>
            </allocated_space>
            <allocated_space>
               <start_address>0x200005b0</start_address>
               <size>0x10</size>
               <logical_group_ref idref="lg-c"/>
            </allocated_space>
            <available_space>
               <start_address>0x200005c0</start_address>
               <size>0x7a40</size>
            </available_space>
         </usage_details>
      </memory_area>
   </placement_map>
   <cptbl_list>
      <cptbl>
         <name>__TI_cinit_table</name>
         <cprec>
            <name>.data</name>
            <load_address>0x1b68</load_address>
            <load_size>0x67</load_size>
            <run_address>0x20000200</run_address>
            <run_size>0x1e8</run_size>
            <compression>lzss</compression>
         </cprec>
         <cprec>
            <name>.bss</name>
            <load_address>0x1be0</load_address>
            <load_size>0x8</load_size>
            <run_address>0x200003e8</run_address>
            <run_size>0x1c8</run_size>
            <compression>zero_init</compression>
         </cprec>
      </cptbl>
   </cptbl_list>
   <handler_table>
      <handler_table_name>__TI_handler_table</handler_table_name>
      <handler>
         <index>0x0</index>
         <name>__TI_decompress_lzss</name>
      </handler>
      <handler>
         <index>0x1</index>
         <name>__TI_decompress_none</name>
      </handler>
      <handler>
         <index>0x2</index>
         <name>__TI_zero_init</name>
      </handler>
   </handler_table>
   <symbol_table>
      <symbol id="sm-1">
         <name>__STACK_TOP</name>
         <value>0x20000200</value>
      </symbol>
      <symbol id="sm-2">
         <name>__start___llvm_prf_cnts</name>
         <value>0x20000000</value>
      </symbol>
      <symbol id="sm-3">
         <name>__stop___llvm_prf_cnts</name>
         <value>0x20000000</value>
      </symbol>
      <symbol id="sm-4">
         <name>__TI_CINIT_Base</name>
         <value>0x1be8</value>
      </symbol>
      <symbol id="sm-5">
         <name>__TI_CINIT_Limit</name>
         <value>0x1bf8</value>
      </symbol>
      <symbol id="sm-6">
         <name>__TI_Handler_Table_Base</name>
         <value>0x1bd0</value>
      </symbol>
      <symbol id="sm-7">
         <name>__TI_Handler_Table_Limit</name>
         <value>0x1bdc</value>
      </symbol>
      <symbol id="sm-8">
         <name>binit</name>
         <value>0xffffffff</value>
      </symbol>
      <symbol id="sm-9">
         <name>__binit__</name>
         <value>0xffffffff</value>
      </symbol>
      <symbol id="sm-a">
         <name>__STACK_SIZE</name>
         <value>0x200</value>
      </symbol>
      <symbol id="sm-b">
         <name>__STACK_END</name>
         <value>0x20000200</value>
      </symbol>
      <symbol id="sm-c">
         <name>__SYSMEM_SIZE</name>
         <value>0x10</value>
      </symbol>
      <symbol id="sm-d">
         <name>__c_args__</name>
         <value>0xffffffff</value>
      </symbol>
      <symbol id="sm-e">
         <name>__TI_pprof_out_hndl</name>
         <value>0xffffffff</value>
      </symbol>
      <symbol id="sm-f">
         <name>__TI_prof_data_start</name>
         <value>0xffffffff</value>
      </symbol>
      <symbol id="sm-10">
         <name>__TI_prof_data_size</name>
         <value>0xffffffff</value>
      </symbol>
      <symbol id="sm-67">
         <name>NVIC_DisableException</name>
         <value>0xa71</value>
         <object_component_ref idref="oc-e9"/>
      </symbol>
      <symbol id="sm-68">
         <name>NVIC_SetPriorityIRQ</name>
         <value>0x9ad</value>
         <object_component_ref idref="oc-e9"/>
      </symbol>
      <symbol id="sm-69">
         <name>NVIC_EnableException</name>
         <value>0xa1b</value>
         <object_component_ref idref="oc-e9"/>
      </symbol>
      <symbol id="sm-6a">
         <name>NVIC_SetPriorityException</name>
         <value>0xac5</value>
         <object_component_ref idref="oc-e9"/>
      </symbol>
      <symbol id="sm-6b">
         <name>NVIC_DisableIRQ</name>
         <value>0x95b</value>
         <object_component_ref idref="oc-e9"/>
      </symbol>
      <symbol id="sm-6c">
         <name>NVIC_EnableIRQ</name>
         <value>0x909</value>
         <object_component_ref idref="oc-e9"/>
      </symbol>
      <symbol id="sm-8e">
         <name>SysTick_Handler</name>
         <value>0xfe9</value>
         <object_component_ref idref="oc-30"/>
      </symbol>
      <symbol id="sm-8f">
         <name>SysTick_Stop</name>
         <value>0x1015</value>
         <object_component_ref idref="oc-30"/>
      </symbol>
      <symbol id="sm-90">
         <name>SysTick_DeInit</name>
         <value>0xff9</value>
         <object_component_ref idref="oc-30"/>
      </symbol>
      <symbol id="sm-91">
         <name>SysTick_StartBusyWait</name>
         <value>0xfaf</value>
         <object_component_ref idref="oc-30"/>
      </symbol>
      <symbol id="sm-92">
         <name>SysTick_Start</name>
         <value>0x1021</value>
         <object_component_ref idref="oc-30"/>
      </symbol>
      <symbol id="sm-93">
         <name>SysTick_SetCallBack</name>
         <value>0x1005</value>
         <object_component_ref idref="oc-30"/>
      </symbol>
      <symbol id="sm-94">
         <name>SysTick_Init</name>
         <value>0xf81</value>
         <object_component_ref idref="oc-30"/>
      </symbol>
      <symbol id="sm-e7">
         <name>Test_Exceptions_Settings</name>
         <value>0x2c5</value>
         <object_component_ref idref="oc-b2"/>
      </symbol>
      <symbol id="sm-e8">
         <name>Leds_Init</name>
         <value>0x26d</value>
         <object_component_ref idref="oc-b2"/>
      </symbol>
      <symbol id="sm-e9">
         <name>main</name>
         <value>0x891</value>
         <object_component_ref idref="oc-b2"/>
      </symbol>
      <symbol id="sm-114">
         <name>ResetISR</name>
         <value>0x1a05</value>
         <object_component_ref idref="oc-2a"/>
      </symbol>
      <symbol id="sm-115">
         <name>g_pfnVectors</name>
         <value>0x0</value>
         <object_component_ref idref="oc-12"/>
      </symbol>
      <symbol id="sm-12e">
         <name>__TI_zero_init_nomemset</name>
         <value>0x1969</value>
         <object_component_ref idref="oc-50"/>
      </symbol>
      <symbol id="sm-145">
         <name>__TI_decompress_none</name>
         <value>0x19f7</value>
         <object_component_ref idref="oc-1b"/>
      </symbol>
      <symbol id="sm-168">
         <name>__TI_decompress_lzss</name>
         <value>0x130d</value>
         <object_component_ref idref="oc-15"/>
      </symbol>
      <symbol id="sm-17c">
         <name>_abort_msg</name>
         <value>0x194d</value>
         <object_component_ref idref="oc-ef"/>
      </symbol>
      <symbol id="sm-191">
         <name>__TI_tmpnams</name>
         <value>0x20000508</value>
      </symbol>
      <symbol id="sm-192">
         <name>__aeabi_stdout</name>
         <value>0x200003c0</value>
         <object_component_ref idref="oc-18f"/>
      </symbol>
      <symbol id="sm-193">
         <name>__aeabi_stderr</name>
         <value>0x200003c4</value>
         <object_component_ref idref="oc-18f"/>
      </symbol>
      <symbol id="sm-194">
         <name>__aeabi_stdin</name>
         <value>0x200003bc</value>
         <object_component_ref idref="oc-18f"/>
      </symbol>
      <symbol id="sm-195">
         <name>_ftable</name>
         <value>0x20000200</value>
         <object_component_ref idref="oc-148"/>
      </symbol>
      <symbol id="sm-196">
         <name>__TI_ft_end</name>
         <value>0x200003b8</value>
         <object_component_ref idref="oc-18f"/>
      </symbol>
      <symbol id="sm-1a9">
         <name>__stack</name>
         <value>0x20000000</value>
         <object_component_ref idref="oc-24"/>
      </symbol>
      <symbol id="sm-1aa">
         <name>_c_int00_noargs</name>
         <value>0x1825</value>
         <object_component_ref idref="oc-62"/>
      </symbol>
      <symbol id="sm-1cb">
         <name>__TI_doflush</name>
         <value>0x15a9</value>
         <object_component_ref idref="oc-181"/>
      </symbol>
      <symbol id="sm-1cc">
         <name>fflush</name>
         <value>0x10d9</value>
         <object_component_ref idref="oc-142"/>
      </symbol>
      <symbol id="sm-1ea">
         <name>fputs</name>
         <value>0xbad</value>
         <object_component_ref idref="oc-13c"/>
      </symbol>
      <symbol id="sm-202">
         <name>__TI_wrt_ok</name>
         <value>0x13d9</value>
         <object_component_ref idref="oc-16f"/>
      </symbol>
      <symbol id="sm-21e">
         <name>setvbuf</name>
         <value>0xea5</value>
         <object_component_ref idref="oc-1c6"/>
      </symbol>
      <symbol id="sm-239">
         <name>memcpy</name>
         <value>0x103d</value>
         <object_component_ref idref="oc-44"/>
      </symbol>
      <symbol id="sm-23a">
         <name>__aeabi_memcpy</name>
         <value>0x103d</value>
         <object_component_ref idref="oc-44"/>
      </symbol>
      <symbol id="sm-23b">
         <name>__aeabi_memcpy8</name>
         <value>0x103d</value>
         <object_component_ref idref="oc-44"/>
      </symbol>
      <symbol id="sm-23c">
         <name>__aeabi_memcpy4</name>
         <value>0x103d</value>
         <object_component_ref idref="oc-44"/>
      </symbol>
      <symbol id="sm-265">
         <name>__TI_auto_init_nobinit_nopinit</name>
         <value>0x16c5</value>
         <object_component_ref idref="oc-103"/>
      </symbol>
      <symbol id="sm-26f">
         <name>_system_pre_init</name>
         <value>0x1a19</value>
         <object_component_ref idref="oc-ac"/>
      </symbol>
      <symbol id="sm-296">
         <name>C$$EXIT</name>
         <value>0x1a1d</value>
         <object_component_ref idref="oc-f7"/>
      </symbol>
      <symbol id="sm-297">
         <name>abort</name>
         <value>0x1a1d</value>
         <object_component_ref idref="oc-f7"/>
      </symbol>
      <symbol id="sm-298">
         <name>__TI_dtors_ptr</name>
         <value>0x200003cc</value>
         <object_component_ref idref="oc-14e"/>
      </symbol>
      <symbol id="sm-299">
         <name>__TI_cleanup_ptr</name>
         <value>0x200003c8</value>
         <object_component_ref idref="oc-14e"/>
      </symbol>
      <symbol id="sm-29a">
         <name>__TI_enable_exit_profile_output</name>
         <value>0x200003d0</value>
         <object_component_ref idref="oc-14e"/>
      </symbol>
      <symbol id="sm-29b">
         <name>exit</name>
         <value>0x15f5</value>
         <object_component_ref idref="oc-fd"/>
      </symbol>
      <symbol id="sm-2b0">
         <name>_nop</name>
         <value>0x143b</value>
         <object_component_ref idref="oc-1a1"/>
      </symbol>
      <symbol id="sm-2b1">
         <name>_lock</name>
         <value>0x200003d4</value>
         <object_component_ref idref="oc-151"/>
      </symbol>
      <symbol id="sm-2b2">
         <name>_unlock</name>
         <value>0x200003d8</value>
         <object_component_ref idref="oc-151"/>
      </symbol>
      <symbol id="sm-2c3">
         <name>memchr</name>
         <value>0x192d</value>
         <object_component_ref idref="oc-17b"/>
      </symbol>
      <symbol id="sm-34c">
         <name>_sys_memory</name>
         <value>0x200005b0</value>
         <object_component_ref idref="oc-27"/>
      </symbol>
      <symbol id="sm-34d">
         <name>free</name>
         <value>0xdc1</value>
         <object_component_ref idref="oc-1f7"/>
      </symbol>
      <symbol id="sm-34e">
         <name>memalign</name>
         <value>0xcc1</value>
         <object_component_ref idref="oc-239"/>
      </symbol>
      <symbol id="sm-34f">
         <name>malloc</name>
         <value>0x1a11</value>
         <object_component_ref idref="oc-1fd"/>
      </symbol>
      <symbol id="sm-350">
         <name>aligned_alloc</name>
         <value>0xcc1</value>
         <object_component_ref idref="oc-239"/>
      </symbol>
      <symbol id="sm-35e">
         <name>strlen</name>
         <value>0x19e3</value>
         <object_component_ref idref="oc-175"/>
      </symbol>
      <symbol id="sm-378">
         <name>write</name>
         <value>0x1905</value>
         <object_component_ref idref="oc-187"/>
      </symbol>
      <symbol id="sm-389">
         <name>_stream</name>
         <value>0x20000368</value>
         <object_component_ref idref="oc-1d3"/>
      </symbol>
      <symbol id="sm-38a">
         <name>_device</name>
         <value>0x200002f0</value>
         <object_component_ref idref="oc-216"/>
      </symbol>
      <symbol id="sm-39a">
         <name>__TI_cleanup</name>
         <value>0x17bd</value>
         <object_component_ref idref="oc-203"/>
      </symbol>
      <symbol id="sm-3ac">
         <name>fseek</name>
         <value>0x1375</value>
         <object_component_ref idref="oc-1c0"/>
      </symbol>
      <symbol id="sm-3bd">
         <name>HOSTclose</name>
         <value>0x163d</value>
         <object_component_ref idref="oc-24f"/>
      </symbol>
      <symbol id="sm-3ce">
         <name>HOSTlseek</name>
         <value>0x12a5</value>
         <object_component_ref idref="oc-261"/>
      </symbol>
      <symbol id="sm-3e0">
         <name>parmbuf</name>
         <value>0x200005a8</value>
      </symbol>
      <symbol id="sm-3e1">
         <name>HOSTopen</name>
         <value>0x143d</value>
         <object_component_ref idref="oc-249"/>
      </symbol>
      <symbol id="sm-3f2">
         <name>HOSTread</name>
         <value>0x14f9</value>
         <object_component_ref idref="oc-255"/>
      </symbol>
      <symbol id="sm-403">
         <name>HOSTrename</name>
         <value>0x1239</value>
         <object_component_ref idref="oc-26d"/>
      </symbol>
      <symbol id="sm-414">
         <name>HOSTunlink</name>
         <value>0x1681</value>
         <object_component_ref idref="oc-267"/>
      </symbol>
      <symbol id="sm-425">
         <name>HOSTwrite</name>
         <value>0x1551</value>
         <object_component_ref idref="oc-25b"/>
      </symbol>
      <symbol id="sm-449">
         <name>__TI_readmsg</name>
         <value>0x17f1</value>
         <object_component_ref idref="oc-29a"/>
      </symbol>
      <symbol id="sm-44a">
         <name>C$$IO$$</name>
         <value>0x177b</value>
         <object_component_ref idref="oc-294"/>
      </symbol>
      <symbol id="sm-44b">
         <name>__CIOBUF_</name>
         <value>0x200003e8</value>
         <object_component_ref idref="oc-2c5"/>
      </symbol>
      <symbol id="sm-44c">
         <name>__TI_writemsg</name>
         <value>0x174d</value>
         <object_component_ref idref="oc-294"/>
      </symbol>
      <symbol id="sm-45d">
         <name>lseek</name>
         <value>0x18dd</value>
         <object_component_ref idref="oc-1ef"/>
      </symbol>
      <symbol id="sm-472">
         <name>__TI_closefile</name>
         <value>0x1155</value>
         <object_component_ref idref="oc-240"/>
      </symbol>
      <symbol id="sm-49a">
         <name>finddevice</name>
         <value>0x1859</value>
         <object_component_ref idref="oc-2e9"/>
      </symbol>
      <symbol id="sm-49b">
         <name>getdevice</name>
         <value>0x1709</value>
         <object_component_ref idref="oc-2bb"/>
      </symbol>
      <symbol id="sm-4ab">
         <name>strchr</name>
         <value>0x19b9</value>
         <object_component_ref idref="oc-2dd"/>
      </symbol>
      <symbol id="sm-4ba">
         <name>strcmp</name>
         <value>0x19a1</value>
         <object_component_ref idref="oc-302"/>
      </symbol>
      <symbol id="sm-4c8">
         <name>strcpy</name>
         <value>0x19cf</value>
         <object_component_ref idref="oc-2ae"/>
      </symbol>
      <symbol id="sm-4d8">
         <name>strncpy</name>
         <value>0x1785</value>
         <object_component_ref idref="oc-2e3"/>
      </symbol>
      <symbol id="sm-4ed">
         <name>close</name>
         <value>0x149d</value>
         <object_component_ref idref="oc-285"/>
      </symbol>
      <symbol id="sm-4fd">
         <name>unlink</name>
         <value>0x1889</value>
         <object_component_ref idref="oc-28b"/>
      </symbol>
      <symbol id="sm-4fe">
         <name>__TI_static_base__</name>
         <value>0x0</value>
      </symbol>
      <symbol id="sm-501">
         <name>__mpu_init</name>
         <value>0x0</value>
      </symbol>
      <symbol id="sm-502">
         <name>_system_post_cinit</name>
         <value>0x0</value>
      </symbol>
      <symbol id="sm-503">
         <name>remove</name>
         <value>0x1889</value>
      </symbol>
   </symbol_table>
   <title>Link successful</title>
</link_info>
