******************************************************************************
                  TI ARM Linker PC v20.2.7                     
******************************************************************************
>> Linked Sat Jul 20 15:58:25 2024

OUTPUT FILE NAME:   <GPIO_Interrupt_Exercise 2.out>
ENTRY POINT SYMBOL: "_c_int00_noargs"  address: 000004a5


MEMORY CONFIGURATION

         name            origin    length      used     unused   attr    fill
----------------------  --------  ---------  --------  --------  ----  --------
  FLASH                 00000000   00040000  00000534  0003facc  R  X
  SRAM                  20000000   00008000  00000204  00007dfc  RW X


SEGMENT ALLOCATION MAP

run origin  load origin   length   init length attrs members
----------  ----------- ---------- ----------- ----- -------
00000000    00000000    00000534   00000534    r-x
  00000000    00000000    0000026c   0000026c    r-- .intvecs
  0000026c    0000026c    000002b4   000002b4    r-x .text
  00000520    00000520    00000014   00000014    r-- .cinit
20000000    20000000    00000204   00000000    rw-
  20000000    20000000    00000200   00000000    rw- .stack
  20000200    20000200    00000004   00000000    rw- .bss


SECTION ALLOCATION MAP

 output                                  attributes/
section   page    origin      length       input sections
--------  ----  ----------  ----------   ----------------
.intvecs   0    00000000    0000026c     
                  00000000    0000026c     tm4c123gh6pm_startup_ccs.obj (.intvecs)

.text      0    0000026c    000002b4     
                  0000026c    000001f4     main.obj (.text)
                  00000460    00000044     rtsv7M4_T_le_v4SPD16_eabi.lib : autoinit.c.obj (.text:__TI_auto_init_nobinit_nopinit:__TI_auto_init_nobinit_nopinit)
                  000004a4    00000034                                   : boot_cortex_m.c.obj (.text:_c_int00_noargs:_c_int00_noargs)
                  000004d8    0000001c                                   : copy_zero_init.c.obj (.text:decompress:ZI:__TI_zero_init_nomemset:__TI_zero_init_nomemset)
                  000004f4    00000018                                   : ll_mul_t2.asm.obj (.text)
                  0000050c    0000000c     tm4c123gh6pm_startup_ccs.obj (.text)
                  00000518    00000004     rtsv7M4_T_le_v4SPD16_eabi.lib : pre_init.c.obj (.text:_system_pre_init)
                  0000051c    00000004                                   : exit.c.obj (.text:abort:abort)

.cinit     0    00000520    00000014     
                  00000520    00000008     (.cinit..bss.load) [load image, compression = zero_init]
                  00000528    00000004     (__TI_handler_table)
                  0000052c    00000008     (__TI_cinit_table)

.init_array 
*          0    00000000    00000000     UNINITIALIZED

.bss       0    20000200    00000004     UNINITIALIZED
                  20000200    00000004     (.common:i)

.stack     0    20000000    00000200     UNINITIALIZED
                  20000000    00000004     rtsv7M4_T_le_v4SPD16_eabi.lib : boot_cortex_m.c.obj (.stack)
                  20000004    000001fc     --HOLE--

__llvm_prf_cnts 
*          0    20000000    00000000     UNINITIALIZED

MODULE SUMMARY

       Module                         code   ro data   rw data
       ------                         ----   -------   -------
    .\
       tm4c123gh6pm_startup_ccs.obj   12     620       0      
       main.obj                       500    0         4      
    +--+------------------------------+------+---------+---------+
       Total:                         512    620       4      
                                                              
    C:\ti\ccs1271\ccs\tools\compiler\ti-cgt-arm_20.2.7.LTS\lib\rtsv7M4_T_le_v4SPD16_eabi.lib
       autoinit.c.obj                 68     0         0      
       boot_cortex_m.c.obj            52     0         0      
       copy_zero_init.c.obj           28     0         0      
       ll_mul_t2.asm.obj              24     0         0      
       exit.c.obj                     4      0         0      
       pre_init.c.obj                 4      0         0      
    +--+------------------------------+------+---------+---------+
       Total:                         180    0         0      
                                                              
       Stack:                         0      0         512    
       Linker Generated:              0      20        0      
    +--+------------------------------+------+---------+---------+
       Grand Total:                   692    640       516    


LINKER GENERATED COPY TABLES

__TI_cinit_table @ 0000052c records: 1, size/record: 8, table size: 8
	.bss: load addr=00000520, load size=00000008 bytes, run addr=20000200, run size=00000004 bytes, compression=zero_init


LINKER GENERATED HANDLER TABLE

__TI_handler_table @ 00000528 records: 1, size/record: 4, table size: 4
	index: 0, handler: __TI_zero_init


GLOBAL SYMBOLS: SORTED ALPHABETICALLY BY Name 

address   name                          
-------   ----                          
0000051d  C$$EXIT                       
0000026d  Delay_MS                      
000002c1  Leds_Init                     
000002ad  PORTF_CLK                     
0000037f  PORTF_Handler                 
0000050d  ResetISR                      
000002ff  SW1_Init                      
20000200  __STACK_END                   
00000200  __STACK_SIZE                  
20000200  __STACK_TOP                   
0000052c  __TI_CINIT_Base               
00000534  __TI_CINIT_Limit              
00000528  __TI_Handler_Table_Base       
0000052c  __TI_Handler_Table_Limit      
00000461  __TI_auto_init_nobinit_nopinit
ffffffff  __TI_pprof_out_hndl           
ffffffff  __TI_prof_data_size           
ffffffff  __TI_prof_data_start          
00000000  __TI_static_base__            
000004d9  __TI_zero_init_nomemset       
000004f5  __aeabi_lmul                  
ffffffff  __binit__                     
ffffffff  __c_args__                    
UNDEFED   __mpu_init                    
20000000  __stack                       
20000000  __start___llvm_prf_cnts       
20000000  __stop___llvm_prf_cnts        
000004a5  _c_int00_noargs               
UNDEFED   _system_post_cinit            
00000519  _system_pre_init              
0000051d  abort                         
ffffffff  binit                         
00000000  g_pfnVectors                  
20000200  i                             
000003c9  main                          


GLOBAL SYMBOLS: SORTED BY Symbol Address 

address   name                          
-------   ----                          
00000000  __TI_static_base__            
00000000  g_pfnVectors                  
00000200  __STACK_SIZE                  
0000026d  Delay_MS                      
000002ad  PORTF_CLK                     
000002c1  Leds_Init                     
000002ff  SW1_Init                      
0000037f  PORTF_Handler                 
000003c9  main                          
00000461  __TI_auto_init_nobinit_nopinit
000004a5  _c_int00_noargs               
000004d9  __TI_zero_init_nomemset       
000004f5  __aeabi_lmul                  
0000050d  ResetISR                      
00000519  _system_pre_init              
0000051d  C$$EXIT                       
0000051d  abort                         
00000528  __TI_Handler_Table_Base       
0000052c  __TI_CINIT_Base               
0000052c  __TI_Handler_Table_Limit      
00000534  __TI_CINIT_Limit              
20000000  __stack                       
20000000  __start___llvm_prf_cnts       
20000000  __stop___llvm_prf_cnts        
20000200  __STACK_END                   
20000200  __STACK_TOP                   
20000200  i                             
ffffffff  __TI_pprof_out_hndl           
ffffffff  __TI_prof_data_size           
ffffffff  __TI_prof_data_start          
ffffffff  __binit__                     
ffffffff  __c_args__                    
ffffffff  binit                         
UNDEFED   __mpu_init                    
UNDEFED   _system_post_cinit            

[35 symbols]
