******************************************************************************
                  TI ARM Linker PC v20.2.7                     
******************************************************************************
>> Linked Wed Jul 10 22:25:56 2024

OUTPUT FILE NAME:   <Interrupt_CourseClass.out>
ENTRY POINT SYMBOL: "_c_int00_noargs"  address: 0000072d


MEMORY CONFIGURATION

         name            origin    length      used     unused   attr    fill
----------------------  --------  ---------  --------  --------  ----  --------
  FLASH                 00000000   00040000  000007b2  0003f84e  R  X
  SRAM                  20000000   00008000  00000204  00007dfc  RW X


SEGMENT ALLOCATION MAP

run origin  load origin   length   init length attrs members
----------  ----------- ---------- ----------- ----- -------
00000000    00000000    000007b8   000007b8    r-x
  00000000    00000000    0000026c   0000026c    r-- .intvecs
  0000026c    0000026c    0000052e   0000052e    r-x .text
  000007a0    000007a0    00000018   00000018    r-- .cinit
20000000    20000000    00000204   00000000    rw-
  20000000    20000000    00000200   00000000    rw- .stack
  20000200    20000200    00000004   00000000    rw- .data


SECTION ALLOCATION MAP

 output                                  attributes/
section   page    origin      length       input sections
--------  ----  ----------  ----------   ----------------
.intvecs   0    00000000    0000026c     
                  00000000    0000026c     tm4c123gh6pm_startup_ccs.obj (.intvecs)

.text      0    0000026c    0000052e     
                  0000026c    00000378     main.obj (.text)
                  000005e4    0000009c     rtsv7M4_T_le_v4SPD16_eabi.lib : memcpy_t2.asm.obj (.text)
                  00000680    00000068                                   : copy_decompress_lzss.c.obj (.text:decompress:lzss:__TI_decompress_lzss)
                  000006e8    00000044                                   : autoinit.c.obj (.text:__TI_auto_init_nobinit_nopinit:__TI_auto_init_nobinit_nopinit)
                  0000072c    00000034                                   : boot_cortex_m.c.obj (.text:_c_int00_noargs:_c_int00_noargs)
                  00000760    00000018                                   : ll_mul_t2.asm.obj (.text)
                  00000778    0000000e                                   : copy_decompress_none.c.obj (.text:decompress:none:__TI_decompress_none)
                  00000786    0000000c     tm4c123gh6pm_startup_ccs.obj (.text)
                  00000792    00000004     rtsv7M4_T_le_v4SPD16_eabi.lib : pre_init.c.obj (.text:_system_pre_init)
                  00000796    00000004                                   : exit.c.obj (.text:abort:abort)

.cinit     0    000007a0    00000018     
                  000007a0    00000008     (__TI_handler_table)
                  000007a8    00000007     (.cinit..data.load) [load image, compression = lzss]
                  000007af    00000001     --HOLE-- [fill = 0]
                  000007b0    00000008     (__TI_cinit_table)

.init_array 
*          0    00000000    00000000     UNINITIALIZED

.data      0    20000200    00000004     UNINITIALIZED
                  20000200    00000004     main.obj (.data)

.stack     0    20000000    00000200     UNINITIALIZED
                  20000000    00000004     rtsv7M4_T_le_v4SPD16_eabi.lib : boot_cortex_m.c.obj (.stack)
                  20000004    000001fc     --HOLE--

__llvm_prf_cnts 
*          0    20000000    00000000     UNINITIALIZED

MODULE SUMMARY

       Module                         code   ro data   rw data
       ------                         ----   -------   -------
    .\
       main.obj                       888    0         4      
       tm4c123gh6pm_startup_ccs.obj   12     620       0      
    +--+------------------------------+------+---------+---------+
       Total:                         900    620       4      
                                                              
    C:\ti\ccs1271\ccs\tools\compiler\ti-cgt-arm_20.2.7.LTS\lib\rtsv7M4_T_le_v4SPD16_eabi.lib
       memcpy_t2.asm.obj              156    0         0      
       copy_decompress_lzss.c.obj     104    0         0      
       autoinit.c.obj                 68     0         0      
       boot_cortex_m.c.obj            52     0         0      
       ll_mul_t2.asm.obj              24     0         0      
       copy_decompress_none.c.obj     14     0         0      
       exit.c.obj                     4      0         0      
       pre_init.c.obj                 4      0         0      
    +--+------------------------------+------+---------+---------+
       Total:                         426    0         0      
                                                              
       Stack:                         0      0         512    
       Linker Generated:              0      23        0      
    +--+------------------------------+------+---------+---------+
       Grand Total:                   1326   643       516    


LINKER GENERATED COPY TABLES

__TI_cinit_table @ 000007b0 records: 1, size/record: 8, table size: 8
	.data: load addr=000007a8, load size=00000007 bytes, run addr=20000200, run size=00000004 bytes, compression=lzss


LINKER GENERATED HANDLER TABLE

__TI_handler_table @ 000007a0 records: 2, size/record: 4, table size: 8
	index: 0, handler: __TI_decompress_lzss
	index: 1, handler: __TI_decompress_none


GLOBAL SYMBOLS: SORTED ALPHABETICALLY BY Name 

address   name                          
-------   ----                          
00000797  C$$EXIT                       
000002dd  Delay_MS                      
000003e1  Led_Blue_Init                 
0000041f  Led_Green_Init                
000003a3  Led_Red_Init                  
0000026d  PLL_Init                      
000004c1  PortF_Int_Handler             
00000787  ResetISR                      
0000045d  SW1_Init                      
0000031d  SW2_Init                      
000004e3  SysTick_Handler               
0000049b  SysTick_Init                  
20000200  __STACK_END                   
00000200  __STACK_SIZE                  
20000200  __STACK_TOP                   
000007b0  __TI_CINIT_Base               
000007b8  __TI_CINIT_Limit              
000007a0  __TI_Handler_Table_Base       
000007a8  __TI_Handler_Table_Limit      
000006e9  __TI_auto_init_nobinit_nopinit
00000681  __TI_decompress_lzss          
00000779  __TI_decompress_none          
ffffffff  __TI_pprof_out_hndl           
ffffffff  __TI_prof_data_size           
ffffffff  __TI_prof_data_start          
00000000  __TI_static_base__            
00000761  __aeabi_lmul                  
000005e5  __aeabi_memcpy                
000005e5  __aeabi_memcpy4               
000005e5  __aeabi_memcpy8               
ffffffff  __binit__                     
ffffffff  __c_args__                    
UNDEFED   __mpu_init                    
20000000  __stack                       
20000000  __start___llvm_prf_cnts       
20000000  __stop___llvm_prf_cnts        
0000072d  _c_int00_noargs               
UNDEFED   _system_post_cinit            
00000793  _system_pre_init              
00000797  abort                         
ffffffff  binit                         
20000200  count                         
00000000  g_pfnVectors                  
000004ed  main                          
000005e5  memcpy                        


GLOBAL SYMBOLS: SORTED BY Symbol Address 

address   name                          
-------   ----                          
00000000  __TI_static_base__            
00000000  g_pfnVectors                  
00000200  __STACK_SIZE                  
0000026d  PLL_Init                      
000002dd  Delay_MS                      
0000031d  SW2_Init                      
000003a3  Led_Red_Init                  
000003e1  Led_Blue_Init                 
0000041f  Led_Green_Init                
0000045d  SW1_Init                      
0000049b  SysTick_Init                  
000004c1  PortF_Int_Handler             
000004e3  SysTick_Handler               
000004ed  main                          
000005e5  __aeabi_memcpy                
000005e5  __aeabi_memcpy4               
000005e5  __aeabi_memcpy8               
000005e5  memcpy                        
00000681  __TI_decompress_lzss          
000006e9  __TI_auto_init_nobinit_nopinit
0000072d  _c_int00_noargs               
00000761  __aeabi_lmul                  
00000779  __TI_decompress_none          
00000787  ResetISR                      
00000793  _system_pre_init              
00000797  C$$EXIT                       
00000797  abort                         
000007a0  __TI_Handler_Table_Base       
000007a8  __TI_Handler_Table_Limit      
000007b0  __TI_CINIT_Base               
000007b8  __TI_CINIT_Limit              
20000000  __stack                       
20000000  __start___llvm_prf_cnts       
20000000  __stop___llvm_prf_cnts        
20000200  __STACK_END                   
20000200  __STACK_TOP                   
20000200  count                         
ffffffff  __TI_pprof_out_hndl           
ffffffff  __TI_prof_data_size           
ffffffff  __TI_prof_data_start          
ffffffff  __binit__                     
ffffffff  __c_args__                    
ffffffff  binit                         
UNDEFED   __mpu_init                    
UNDEFED   _system_post_cinit            

[45 symbols]
