******************************************************************************
                  TI ARM Linker PC v20.2.7                     
******************************************************************************
>> Linked Sun Jul 14 14:03:36 2024

OUTPUT FILE NAME:   <SysTick_Timer_Exercise1.out>
ENTRY POINT SYMBOL: "_c_int00_noargs"  address: 00000509


MEMORY CONFIGURATION

         name            origin    length      used     unused   attr    fill
----------------------  --------  ---------  --------  --------  ----  --------
  FLASH                 00000000   00040000  00000576  0003fa8a  R  X
  SRAM                  20000000   00008000  00000204  00007dfc  RW X


SEGMENT ALLOCATION MAP

run origin  load origin   length   init length attrs members
----------  ----------- ---------- ----------- ----- -------
00000000    00000000    00000578   00000578    r-x
  00000000    00000000    0000026c   0000026c    r-- .intvecs
  0000026c    0000026c    000002f2   000002f2    r-x .text
  00000560    00000560    00000018   00000018    r-- .cinit
20000000    20000000    00000204   00000000    rw-
  20000000    20000000    00000200   00000000    rw- .stack
  20000200    20000200    00000004   00000000    rw- .data


SECTION ALLOCATION MAP

 output                                  attributes/
section   page    origin      length       input sections
--------  ----  ----------  ----------   ----------------
.intvecs   0    00000000    0000026c     
                  00000000    0000026c     tm4c123gh6pm_startup_ccs.obj (.intvecs)

.text      0    0000026c    000002f2     
                  0000026c    00000154     main.obj (.text)
                  000003c0    0000009c     rtsv7M4_T_le_v4SPD16_eabi.lib : memcpy_t2.asm.obj (.text)
                  0000045c    00000068                                   : copy_decompress_lzss.c.obj (.text:decompress:lzss:__TI_decompress_lzss)
                  000004c4    00000044                                   : autoinit.c.obj (.text:__TI_auto_init_nobinit_nopinit:__TI_auto_init_nobinit_nopinit)
                  00000508    00000034                                   : boot_cortex_m.c.obj (.text:_c_int00_noargs:_c_int00_noargs)
                  0000053c    0000000e                                   : copy_decompress_none.c.obj (.text:decompress:none:__TI_decompress_none)
                  0000054a    0000000c     tm4c123gh6pm_startup_ccs.obj (.text)
                  00000556    00000004     rtsv7M4_T_le_v4SPD16_eabi.lib : pre_init.c.obj (.text:_system_pre_init)
                  0000055a    00000004                                   : exit.c.obj (.text:abort:abort)

.cinit     0    00000560    00000018     
                  00000560    00000008     (__TI_handler_table)
                  00000568    00000007     (.cinit..data.load) [load image, compression = lzss]
                  0000056f    00000001     --HOLE-- [fill = 0]
                  00000570    00000008     (__TI_cinit_table)

.init_array 
*          0    00000000    00000000     UNINITIALIZED

.data      0    20000200    00000004     UNINITIALIZED
                  20000200    00000004     main.obj (.data)

.stack     0    20000000    00000200     UNINITIALIZED
                  20000000    00000004     rtsv7M4_T_le_v4SPD16_eabi.lib : boot_cortex_m.c.obj (.stack)
                  20000004    000001fc     --HOLE--

__llvm_prf_cnts 
*          0    20000000    00000000     UNINITIALIZED

MODULE SUMMARY

       Module                         code   ro data   rw data
       ------                         ----   -------   -------
    .\
       tm4c123gh6pm_startup_ccs.obj   12     620       0      
       main.obj                       340    0         4      
    +--+------------------------------+------+---------+---------+
       Total:                         352    620       4      
                                                              
    C:\ti\ccs1271\ccs\tools\compiler\ti-cgt-arm_20.2.7.LTS\lib\rtsv7M4_T_le_v4SPD16_eabi.lib
       memcpy_t2.asm.obj              156    0         0      
       copy_decompress_lzss.c.obj     104    0         0      
       autoinit.c.obj                 68     0         0      
       boot_cortex_m.c.obj            52     0         0      
       copy_decompress_none.c.obj     14     0         0      
       exit.c.obj                     4      0         0      
       pre_init.c.obj                 4      0         0      
    +--+------------------------------+------+---------+---------+
       Total:                         402    0         0      
                                                              
       Stack:                         0      0         512    
       Linker Generated:              0      23        0      
    +--+------------------------------+------+---------+---------+
       Grand Total:                   754    643       516    


LINKER GENERATED COPY TABLES

__TI_cinit_table @ 00000570 records: 1, size/record: 8, table size: 8
	.data: load addr=00000568, load size=00000007 bytes, run addr=20000200, run size=00000004 bytes, compression=lzss


LINKER GENERATED HANDLER TABLE

__TI_handler_table @ 00000560 records: 2, size/record: 4, table size: 8
	index: 0, handler: __TI_decompress_lzss
	index: 1, handler: __TI_decompress_none


GLOBAL SYMBOLS: SORTED ALPHABETICALLY BY Name 

address   name                          
-------   ----                          
0000055b  C$$EXIT                       
0000026d  Leds_Init                     
000002f9  PORTF_CLK                     
0000054b  ResetISR                      
000002ab  SW2_Init                      
0000032b  SysTick_Handler               
0000030d  SysTick_Init                  
20000200  __STACK_END                   
00000200  __STACK_SIZE                  
20000200  __STACK_TOP                   
00000570  __TI_CINIT_Base               
00000578  __TI_CINIT_Limit              
00000560  __TI_Handler_Table_Base       
00000568  __TI_Handler_Table_Limit      
000004c5  __TI_auto_init_nobinit_nopinit
0000045d  __TI_decompress_lzss          
0000053d  __TI_decompress_none          
ffffffff  __TI_pprof_out_hndl           
ffffffff  __TI_prof_data_size           
ffffffff  __TI_prof_data_start          
00000000  __TI_static_base__            
000003c1  __aeabi_memcpy                
000003c1  __aeabi_memcpy4               
000003c1  __aeabi_memcpy8               
ffffffff  __binit__                     
ffffffff  __c_args__                    
UNDEFED   __mpu_init                    
20000000  __stack                       
20000000  __start___llvm_prf_cnts       
20000000  __stop___llvm_prf_cnts        
00000509  _c_int00_noargs               
UNDEFED   _system_post_cinit            
00000557  _system_pre_init              
0000055b  abort                         
ffffffff  binit                         
20000200  count                         
00000000  g_pfnVectors                  
00000335  main                          
000003c1  memcpy                        


GLOBAL SYMBOLS: SORTED BY Symbol Address 

address   name                          
-------   ----                          
00000000  __TI_static_base__            
00000000  g_pfnVectors                  
00000200  __STACK_SIZE                  
0000026d  Leds_Init                     
000002ab  SW2_Init                      
000002f9  PORTF_CLK                     
0000030d  SysTick_Init                  
0000032b  SysTick_Handler               
00000335  main                          
000003c1  __aeabi_memcpy                
000003c1  __aeabi_memcpy4               
000003c1  __aeabi_memcpy8               
000003c1  memcpy                        
0000045d  __TI_decompress_lzss          
000004c5  __TI_auto_init_nobinit_nopinit
00000509  _c_int00_noargs               
0000053d  __TI_decompress_none          
0000054b  ResetISR                      
00000557  _system_pre_init              
0000055b  C$$EXIT                       
0000055b  abort                         
00000560  __TI_Handler_Table_Base       
00000568  __TI_Handler_Table_Limit      
00000570  __TI_CINIT_Base               
00000578  __TI_CINIT_Limit              
20000000  __stack                       
20000000  __start___llvm_prf_cnts       
20000000  __stop___llvm_prf_cnts        
20000200  __STACK_END                   
20000200  __STACK_TOP                   
20000200  count                         
ffffffff  __TI_pprof_out_hndl           
ffffffff  __TI_prof_data_size           
ffffffff  __TI_prof_data_start          
ffffffff  __binit__                     
ffffffff  __c_args__                    
ffffffff  binit                         
UNDEFED   __mpu_init                    
UNDEFED   _system_post_cinit            

[39 symbols]
